Archive member included to satisfy reference by file (symbol)

d:/mounriver/mounriver_studio/toolchain/risc-v embedded gcc/bin/../lib/gcc/riscv-none-embed/8.2.0/rv32imac/ilp32\libgcc.a(muldf3.o)
                              ./StdPeriphDriver/CH57x_clk.o (__muldf3)
d:/mounriver/mounriver_studio/toolchain/risc-v embedded gcc/bin/../lib/gcc/riscv-none-embed/8.2.0/rv32imac/ilp32\libgcc.a(floatsidf.o)
                              ./StdPeriphDriver/CH57x_clk.o (__floatsidf)
d:/mounriver/mounriver_studio/toolchain/risc-v embedded gcc/bin/../lib/gcc/riscv-none-embed/8.2.0/rv32imac/ilp32\libgcc.a(divsf3.o)
                              ./shell/shell_ext.o (__divsf3)
d:/mounriver/mounriver_studio/toolchain/risc-v embedded gcc/bin/../lib/gcc/riscv-none-embed/8.2.0/rv32imac/ilp32\libgcc.a(mulsf3.o)
                              ./shell/shell_ext.o (__mulsf3)
d:/mounriver/mounriver_studio/toolchain/risc-v embedded gcc/bin/../lib/gcc/riscv-none-embed/8.2.0/rv32imac/ilp32\libgcc.a(fixsfsi.o)
                              ./StdPeriphDriver/CH57x_clk.o (__fixsfsi)
d:/mounriver/mounriver_studio/toolchain/risc-v embedded gcc/bin/../lib/gcc/riscv-none-embed/8.2.0/rv32imac/ilp32\libgcc.a(floatsisf.o)
                              ./shell/shell_ext.o (__floatsisf)
d:/mounriver/mounriver_studio/toolchain/risc-v embedded gcc/bin/../lib/gcc/riscv-none-embed/8.2.0/rv32imac/ilp32\libgcc.a(floatunsisf.o)
                              ./shell/shell_ext.o (__floatunsisf)
d:/mounriver/mounriver_studio/toolchain/risc-v embedded gcc/bin/../lib/gcc/riscv-none-embed/8.2.0/rv32imac/ilp32\libgcc.a(truncdfsf2.o)
                              ./StdPeriphDriver/CH57x_clk.o (__truncdfsf2)
d:/mounriver/mounriver_studio/toolchain/risc-v embedded gcc/bin/../lib/gcc/riscv-none-embed/8.2.0/rv32imac/ilp32\libgcc.a(_clzsi2.o)
                              d:/mounriver/mounriver_studio/toolchain/risc-v embedded gcc/bin/../lib/gcc/riscv-none-embed/8.2.0/rv32imac/ilp32\libgcc.a(muldf3.o) (__clzsi2)
d:/mounriver/mounriver_studio/toolchain/risc-v embedded gcc/bin/../lib/gcc/riscv-none-embed/8.2.0/rv32imac/ilp32\libgcc.a(_clz.o)
                              d:/mounriver/mounriver_studio/toolchain/risc-v embedded gcc/bin/../lib/gcc/riscv-none-embed/8.2.0/rv32imac/ilp32\libgcc.a(_clzsi2.o) (__clz_tab)
d:/mounriver/mounriver_studio/toolchain/risc-v embedded gcc/bin/../lib/gcc/riscv-none-embed/8.2.0/../../../../riscv-none-embed/lib/rv32imac/ilp32\libg_nano.a(lib_a-memcpy.o)
                              ./src/usb_keyboard.o (memcpy)
d:/mounriver/mounriver_studio/toolchain/risc-v embedded gcc/bin/../lib/gcc/riscv-none-embed/8.2.0/../../../../riscv-none-embed/lib/rv32imac/ilp32\libg_nano.a(lib_a-printf.o)
                              ./src/Main.o (printf)
d:/mounriver/mounriver_studio/toolchain/risc-v embedded gcc/bin/../lib/gcc/riscv-none-embed/8.2.0/../../../../riscv-none-embed/lib/rv32imac/ilp32\libg_nano.a(lib_a-puts.o)
                              ./src/Main.o (puts)
d:/mounriver/mounriver_studio/toolchain/risc-v embedded gcc/bin/../lib/gcc/riscv-none-embed/8.2.0/../../../../riscv-none-embed/lib/rv32imac/ilp32\libg_nano.a(lib_a-strcmp.o)
                              ./shell/shell.o (strcmp)
d:/mounriver/mounriver_studio/toolchain/risc-v embedded gcc/bin/../lib/gcc/riscv-none-embed/8.2.0/../../../../riscv-none-embed/lib/rv32imac/ilp32\libg_nano.a(lib_a-vsnprintf.o)
                              ./shell/shell.o (vsnprintf)
d:/mounriver/mounriver_studio/toolchain/risc-v embedded gcc/bin/../lib/gcc/riscv-none-embed/8.2.0/../../../../riscv-none-embed/lib/rv32imac/ilp32\libg_nano.a(lib_a-wbuf.o)
                              d:/mounriver/mounriver_studio/toolchain/risc-v embedded gcc/bin/../lib/gcc/riscv-none-embed/8.2.0/../../../../riscv-none-embed/lib/rv32imac/ilp32\libg_nano.a(lib_a-puts.o) (__swbuf_r)
d:/mounriver/mounriver_studio/toolchain/risc-v embedded gcc/bin/../lib/gcc/riscv-none-embed/8.2.0/../../../../riscv-none-embed/lib/rv32imac/ilp32\libg_nano.a(lib_a-wsetup.o)
                              d:/mounriver/mounriver_studio/toolchain/risc-v embedded gcc/bin/../lib/gcc/riscv-none-embed/8.2.0/../../../../riscv-none-embed/lib/rv32imac/ilp32\libg_nano.a(lib_a-puts.o) (__swsetup_r)
d:/mounriver/mounriver_studio/toolchain/risc-v embedded gcc/bin/../lib/gcc/riscv-none-embed/8.2.0/../../../../riscv-none-embed/lib/rv32imac/ilp32\libg_nano.a(lib_a-fflush.o)
                              d:/mounriver/mounriver_studio/toolchain/risc-v embedded gcc/bin/../lib/gcc/riscv-none-embed/8.2.0/../../../../riscv-none-embed/lib/rv32imac/ilp32\libg_nano.a(lib_a-wbuf.o) (_fflush_r)
d:/mounriver/mounriver_studio/toolchain/risc-v embedded gcc/bin/../lib/gcc/riscv-none-embed/8.2.0/../../../../riscv-none-embed/lib/rv32imac/ilp32\libg_nano.a(lib_a-findfp.o)
                              d:/mounriver/mounriver_studio/toolchain/risc-v embedded gcc/bin/../lib/gcc/riscv-none-embed/8.2.0/../../../../riscv-none-embed/lib/rv32imac/ilp32\libg_nano.a(lib_a-printf.o) (__sinit)
[...]
Memory Configuration

Name             Origin             Length             Attributes
FLASH            0x0000000000000000 0x0000000000070000 xr
RAM              0x0000000020003800 0x0000000000004800 xrw
*default*        0x0000000000000000 0xffffffffffffffff

Linker script and memory map

LOAD ./src/MCUKeys.o
LOAD ./src/Main.o
LOAD ./src/usb_descript.o
LOAD ./src/usb_keyboard.o
LOAD ./shell/shell.o
LOAD ./shell/shell_cmd.o
LOAD ./shell/shell_ext.o
LOAD ./StdPeriphDriver/CH57x_clk.o
LOAD ./StdPeriphDriver/CH57x_flash.o
LOAD ./StdPeriphDriver/CH57x_gpio.o
LOAD ./StdPeriphDriver/CH57x_pwr.o
LOAD ./StdPeriphDriver/CH57x_sys.o
LOAD ./StdPeriphDriver/CH57x_uart0.o
LOAD ./StdPeriphDriver/CH57x_uart1.o
LOAD ./StdPeriphDriver/CH57x_usbdev.o
LOAD ./Startup/startup_CH573.o
LOAD ./RVMSIS/core_riscv.o
LOAD d:/mounriver/mounriver_studio/toolchain/risc-v embedded gcc/bin/../lib/gcc/riscv-none-embed/8.2.0/rv32imac/ilp32\libgcc.a
LOAD d:/mounriver/mounriver_studio/toolchain/risc-v embedded gcc/bin/../lib/gcc/riscv-none-embed/8.2.0/../../../../riscv-none-embed/lib/rv32imac/ilp32\libg_nano.a
LOAD d:/mounriver/mounriver_studio/toolchain/risc-v embedded gcc/bin/../lib/gcc/riscv-none-embed/8.2.0/../../../../riscv-none-embed/lib/rv32imac/ilp32\libc_nano.a
LOAD d:/mounriver/mounriver_studio/toolchain/risc-v embedded gcc/bin/../lib/gcc/riscv-none-embed/8.2.0/rv32imac/ilp32\libgcc.a
START GROUP
LOAD d:/mounriver/mounriver_studio/toolchain/risc-v embedded gcc/bin/../lib/gcc/riscv-none-embed/8.2.0/rv32imac/ilp32\libgcc.a
LOAD d:/mounriver/mounriver_studio/toolchain/risc-v embedded gcc/bin/../lib/gcc/riscv-none-embed/8.2.0/../../../../riscv-none-embed/lib/rv32imac/ilp32\libc_nano.a
LOAD d:/mounriver/mounriver_studio/toolchain/risc-v embedded gcc/bin/../lib/gcc/riscv-none-embed/8.2.0/../../../../riscv-none-embed/lib/rv32imac/ilp32\libnosys.a
END GROUP
START GROUP
LOAD d:/mounriver/mounriver_studio/toolchain/risc-v embedded gcc/bin/../lib/gcc/riscv-none-embed/8.2.0/rv32imac/ilp32\libgcc.a
LOAD d:/mounriver/mounriver_studio/toolchain/risc-v embedded gcc/bin/../lib/gcc/riscv-none-embed/8.2.0/../../../../riscv-none-embed/lib/rv32imac/ilp32\libc_nano.a
LOAD d:/mounriver/mounriver_studio/toolchain/risc-v embedded gcc/bin/../lib/gcc/riscv-none-embed/8.2.0/../../../../riscv-none-embed/lib/rv32imac/ilp32\libnosys.a
END GROUP

.init           0x0000000000000000        0x4
                0x0000000000000000                _sinit = .
                0x0000000000000000                . = ALIGN (0x4)
 *(SORT_NONE(.init))
 .init          0x0000000000000000        0x4 ./Startup/startup_CH573.o
                0x0000000000000000                _start
                0x0000000000000004                . = ALIGN (0x4)
                0x0000000000000004                _einit = .

.highcodelalign
                0x0000000000000004        0x0
                0x0000000000000004                . = ALIGN (0x4)
                0x0000000000000004                PROVIDE (_highcode_lma = .)

.highcode       0x0000000020003800      0x25a load address 0x0000000000000004
                0x0000000020003800                . = ALIGN (0x4)
                0x0000000020003800                PROVIDE (_highcode_vma_start = .)
 *(.vector)
 .vector        0x0000000020003800       0x90 ./Startup/startup_CH573.o
 *(SORT_NONE(.vector_handler))
 .vector_handler
                0x0000000020003890       0x2c ./Startup/startup_CH573.o
                0x0000000020003890                NMI_Handler
                0x0000000020003894                SysTick_Handler
                0x0000000020003896                SW_Handler
                0x0000000020003898                TMR0_IRQHandler
                0x000000002000389a                GPIOA_IRQHandler
                0x000000002000389c                GPIOB_IRQHandler
                0x000000002000389e                SPI0_IRQHandler
                0x00000000200038a0                BB_IRQHandler
                0x00000000200038a2                LLE_IRQHandler
                0x00000000200038a6                TMR1_IRQHandler
                0x00000000200038a8                TMR2_IRQHandler
                0x00000000200038aa                UART0_IRQHandler
                0x00000000200038ae                RTC_IRQHandler
                0x00000000200038b0                ADC_IRQHandler
                0x00000000200038b2                PWMX_IRQHandler
                0x00000000200038b4                TMR3_IRQHandler
                0x00000000200038b6                UART2_IRQHandler
                0x00000000200038b8                UART3_IRQHandler
                0x00000000200038ba                WDOG_BAT_IRQHandler
 *(.highcode)
 .highcode      0x00000000200038bc       0x44 ./src/Main.o
                0x00000000200038bc                USB_IRQHandler
                0x00000000200038c8                UART1_IRQHandler
 .highcode      0x0000000020003900      0x15a ./StdPeriphDriver/CH57x_sys.o
                0x0000000020003900                SetSysClock
                0x00000000200039f8                HardFault_Handler
                0x0000000020003a24                mDelayuS
                0x0000000020003a32                mDelaymS
 *(.highcode.*)
                0x0000000020003a5a                PROVIDE (_highcode_vma_end = .)

.text           0x0000000000000260     0x365c
                0x0000000000000260                . = ALIGN (0x4)
 *(SORT_NONE(.handle_reset))
 .handle_reset  0x0000000000000260       0x9e ./Startup/startup_CH573.o
                0x0000000000000260                handle_reset
 *(.text)
 .text          0x00000000000002fe      0x11e d:/mounriver/mounriver_studio/toolchain/risc-v embedded gcc/bin/../lib/gcc/riscv-none-embed/8.2.0/../../../../riscv-none-embed/lib/rv32imac/ilp32\libg_nano.a(lib_a-strcmp.o)
                0x00000000000002fe                strcmp
 .text          0x000000000000041c       0xa8 d:/mounriver/mounriver_studio/toolchain/risc-v embedded gcc/bin/../lib/gcc/riscv-none-embed/8.2.0/../../../../riscv-none-embed/lib/rv32imac/ilp32\libg_nano.a(lib_a-memset.o)
                0x000000000000041c                memset
 *(.text.*)
 .text.key_in_fifo
                0x00000000000004c4       0x28 ./src/MCUKeys.o
                0x00000000000004c4                key_in_fifo
 .text.key_out_fifo
                0x00000000000004ec       0x42 ./src/MCUKeys.o
                0x00000000000004ec                key_out_fifo
 .text.key_scan
                0x000000000000052e      0x184 ./src/MCUKeys.o
                0x000000000000052e                key_scan
 .text.key_add  0x00000000000006b2       0x20 ./src/MCUKeys.o
                0x00000000000006b2                key_add
 .text.key_init
                0x00000000000006d2       0x36 ./src/MCUKeys.o
                0x00000000000006d2                key_init
 .text.get_key_state_cb
                0x0000000000000708       0x50 ./src/Main.o
                0x0000000000000708                get_key_state_cb
 .text.DebugInit
                0x0000000000000758       0x3e ./src/Main.o
                0x0000000000000758                DebugInit
 .text.key_init_pre
                0x0000000000000796       0x8a ./src/Main.o
                0x0000000000000796                key_init_pre
 .text.get_systick
                0x0000000000000820        0x8 ./src/Main.o
                0x0000000000000820                get_systick
 .text.startup.main
                0x0000000000000828      0x194 ./src/Main.o
                0x0000000000000828                main
 .text.descript_init
                0x00000000000009bc      0x156 ./src/usb_descript.o
                0x00000000000009bc                descript_init
 .text.usb_keyboard_init
                0x0000000000000b12       0x52 ./src/usb_keyboard.o
                0x0000000000000b12                usb_keyboard_init
 .text.DevEP2_OUT_Deal
                0x0000000000000b64       0x26 ./src/usb_keyboard.o
                0x0000000000000b64                DevEP2_OUT_Deal
 .text.DevEP3_OUT_Deal
                0x0000000000000b8a       0x26 ./src/usb_keyboard.o
                0x0000000000000b8a                DevEP3_OUT_Deal
 .text.DevEP4_OUT_Deal
                0x0000000000000bb0       0x26 ./src/usb_keyboard.o
                0x0000000000000bb0                DevEP4_OUT_Deal
 .text.USB_DevTransProcess
                0x0000000000000bd6      0x6c6 ./src/usb_keyboard.o
                0x0000000000000bd6                USB_DevTransProcess
 .text.shellStringCopy
                0x000000000000129c       0x24 ./shell/shell.o
 .text.shellAnsiStart
                0x00000000000012c0       0x10 ./shell/shell.o
 .text.shellDisplayByte.isra.0
                0x00000000000012d0        0xa ./shell/shell.o
 .text.shellGetCurrent
                0x00000000000012da       0x1e ./shell/shell.o
                0x00000000000012da                shellGetCurrent
 .text.shellDisplay
                0x00000000000012f8       0x44 ./shell/shell.o
                0x00000000000012f8                shellDisplay
 .text.shellBackspace
                0x000000000000133c       0xd6 ./shell/shell.o
 .text.shellDisplayItem
                0x0000000000001412       0x74 ./shell/shell.o
 .text.shellInit
                0x0000000000001486       0x76 ./shell/shell.o
                0x0000000000001486                shellInit
 .text.shellHelp
                0x00000000000014fc       0xe8 ./shell/shell.o
                0x00000000000014fc                shellHelp
 .text.shellEnter
                0x00000000000015e4      0x1be ./shell/shell.o
 .text.shellClear
                0x00000000000017a2       0x1c ./shell/shell.o
                0x00000000000017a2                shellClear
 .text.shellClearLine
                0x00000000000017be       0x5e ./shell/shell.o
 .text.shellHistory.part.2
                0x000000000000181c       0x62 ./shell/shell.o
 .text.shellTab
                0x000000000000187e      0x214 ./shell/shell.o
 .text.shellAnsi
                0x0000000000001a92       0xe8 ./shell/shell.o
                0x0000000000001a92                shellAnsi
 .text.shellHandler
                0x0000000000001b7a      0x198 ./shell/shell.o
                0x0000000000001b7a                shellHandler
 .text.shell_write_cb
                0x0000000000001d12       0x16 ./shell/shell_cmd.o
                0x0000000000001d12                shell_write_cb
 .text.shell_cmd_reboot
                0x0000000000001d28        0x2 ./shell/shell_cmd.o
                0x0000000000001d28                shell_cmd_reboot
 .text.GPIOA_ModeCfg
                0x0000000000001d2a       0xa6 ./StdPeriphDriver/CH57x_gpio.o
                0x0000000000001d2a                GPIOA_ModeCfg
 .text.GetSysClock
                0x0000000000001dd0       0x42 ./StdPeriphDriver/CH57x_sys.o
                0x0000000000001dd0                GetSysClock
 .text.SYS_ResetExecute
                0x0000000000001e12       0x26 ./StdPeriphDriver/CH57x_sys.o
                0x0000000000001e12                SYS_ResetExecute
 .text._write   0x0000000000001e38       0x28 ./StdPeriphDriver/CH57x_sys.o
                0x0000000000001e38                _write
 .text.UART1_BaudRateCfg
                0x0000000000001e60       0x30 ./StdPeriphDriver/CH57x_uart1.o
                0x0000000000001e60                UART1_BaudRateCfg
 .text.UART1_DefInit
                0x0000000000001e90       0x32 ./StdPeriphDriver/CH57x_uart1.o
                0x0000000000001e90                UART1_DefInit
 .text.UART1_ByteTrigCfg
                0x0000000000001ec2       0x1a ./StdPeriphDriver/CH57x_uart1.o
                0x0000000000001ec2                UART1_ByteTrigCfg
 .text.UART1_INTCfg
                0x0000000000001edc       0x2a ./StdPeriphDriver/CH57x_uart1.o
                0x0000000000001edc                UART1_INTCfg
 .text.UART1_SendString
                0x0000000000001f06       0x28 ./StdPeriphDriver/CH57x_uart1.o
                0x0000000000001f06                UART1_SendString
 .text.USB_DeviceInit
                0x0000000000001f2e       0x7e ./StdPeriphDriver/CH57x_usbdev.o
                0x0000000000001f2e                USB_DeviceInit
 .text.DevEP1_IN_Deal
                0x0000000000001fac       0x16 ./StdPeriphDriver/CH57x_usbdev.o
                0x0000000000001fac                DevEP1_IN_Deal
 .text.DevEP2_IN_Deal
                0x0000000000001fc2       0x16 ./StdPeriphDriver/CH57x_usbdev.o
                0x0000000000001fc2                DevEP2_IN_Deal
 .text.DevEP3_IN_Deal
                0x0000000000001fd8       0x16 ./StdPeriphDriver/CH57x_usbdev.o
                0x0000000000001fd8                DevEP3_IN_Deal
 .text.DevEP4_IN_Deal
                0x0000000000001fee       0x16 ./StdPeriphDriver/CH57x_usbdev.o
                0x0000000000001fee                DevEP4_IN_Deal
 .text.memcpy   0x0000000000002004       0xb6 d:/mounriver/mounriver_studio/toolchain/risc-v embedded gcc/bin/../lib/gcc/riscv-none-embed/8.2.0/../../../../riscv-none-embed/lib/rv32imac/ilp32\libg_nano.a(lib_a-memcpy.o)
                0x0000000000002004                memcpy
 .text.printf   0x00000000000020ba       0x44 d:/mounriver/mounriver_studio/toolchain/risc-v embedded gcc/bin/../lib/gcc/riscv-none-embed/8.2.0/../../../../riscv-none-embed/lib/rv32imac/ilp32\libg_nano.a(lib_a-printf.o)
                0x00000000000020ba                iprintf
                0x00000000000020ba                printf
 .text._puts_r  0x00000000000020fe       0xda d:/mounriver/mounriver_studio/toolchain/risc-v embedded gcc/bin/../lib/gcc/riscv-none-embed/8.2.0/../../../../riscv-none-embed/lib/rv32imac/ilp32\libg_nano.a(lib_a-puts.o)
                0x00000000000020fe                _puts_r
 .text.puts     0x00000000000021d8        0xe d:/mounriver/mounriver_studio/toolchain/risc-v embedded gcc/bin/../lib/gcc/riscv-none-embed/8.2.0/../../../../riscv-none-embed/lib/rv32imac/ilp32\libg_nano.a(lib_a-puts.o)
                0x00000000000021d8                puts
 .text.__swbuf_r
                0x00000000000021e6       0xc0 d:/mounriver/mounriver_studio/toolchain/risc-v embedded gcc/bin/../lib/gcc/riscv-none-embed/8.2.0/../../../../riscv-none-embed/lib/rv32imac/ilp32\libg_nano.a(lib_a-wbuf.o)
                0x00000000000021e6                __swbuf_r
 .text.__swsetup_r
                0x00000000000022a6      0x110 d:/mounriver/mounriver_studio/toolchain/risc-v embedded gcc/bin/../lib/gcc/riscv-none-embed/8.2.0/../../../../riscv-none-embed/lib/rv32imac/ilp32\libg_nano.a(lib_a-wsetup.o)
                0x00000000000022a6                __swsetup_r
 .text.__sflush_r
                0x00000000000023b6      0x13c d:/mounriver/mounriver_studio/toolchain/risc-v embedded gcc/bin/../lib/gcc/riscv-none-embed/8.2.0/../../../../riscv-none-embed/lib/rv32imac/ilp32\libg_nano.a(lib_a-fflush.o)
                0x00000000000023b6                __sflush_r
 .text._fflush_r
                0x00000000000024f2       0x64 d:/mounriver/mounriver_studio/toolchain/risc-v embedded gcc/bin/../lib/gcc/riscv-none-embed/8.2.0/../../../../riscv-none-embed/lib/rv32imac/ilp32\libg_nano.a(lib_a-fflush.o)
                0x00000000000024f2                _fflush_r
 .text.std      0x0000000000002556       0x6a d:/mounriver/mounriver_studio/toolchain/risc-v embedded gcc/bin/../lib/gcc/riscv-none-embed/8.2.0/../../../../riscv-none-embed/lib/rv32imac/ilp32\libg_nano.a(lib_a-findfp.o)
 .text._cleanup_r
                0x00000000000025c0        0xa d:/mounriver/mounriver_studio/toolchain/risc-v embedded gcc/bin/../lib/gcc/riscv-none-embed/8.2.0/../../../../riscv-none-embed/lib/rv32imac/ilp32\libg_nano.a(lib_a-findfp.o)
                0x00000000000025c0                _cleanup_r
 .text.__sfmoreglue
                0x00000000000025ca       0x46 d:/mounriver/mounriver_studio/toolchain/risc-v embedded gcc/bin/../lib/gcc/riscv-none-embed/8.2.0/../../../../riscv-none-embed/lib/rv32imac/ilp32\libg_nano.a(lib_a-findfp.o)
                0x00000000000025ca                __sfmoreglue
 .text.__sinit  0x0000000000002610       0x6a d:/mounriver/mounriver_studio/toolchain/risc-v embedded gcc/bin/../lib/gcc/riscv-none-embed/8.2.0/../../../../riscv-none-embed/lib/rv32imac/ilp32\libg_nano.a(lib_a-findfp.o)
                0x0000000000002610                __sinit
 .text.__sfp    0x000000000000267a       0xa0 d:/mounriver/mounriver_studio/toolchain/risc-v embedded gcc/bin/../lib/gcc/riscv-none-embed/8.2.0/../../../../riscv-none-embed/lib/rv32imac/ilp32\libg_nano.a(lib_a-findfp.o)
                0x000000000000267a                __sfp
 .text._fwalk_reent
                0x000000000000271a       0x6c d:/mounriver/mounriver_studio/toolchain/risc-v embedded gcc/bin/../lib/gcc/riscv-none-embed/8.2.0/../../../../riscv-none-embed/lib/rv32imac/ilp32\libg_nano.a(lib_a-fwalk.o)
                0x000000000000271a                _fwalk_reent
 .text.__swhatbuf_r
                0x0000000000002786       0x5a d:/mounriver/mounriver_studio/toolchain/risc-v embedded gcc/bin/../lib/gcc/riscv-none-embed/8.2.0/../../../../riscv-none-embed/lib/rv32imac/ilp32\libg_nano.a(lib_a-makebuf.o)
                0x0000000000002786                __swhatbuf_r
 .text.__smakebuf_r
                0x00000000000027e0       0x9e d:/mounriver/mounriver_studio/toolchain/risc-v embedded gcc/bin/../lib/gcc/riscv-none-embed/8.2.0/../../../../riscv-none-embed/lib/rv32imac/ilp32\libg_nano.a(lib_a-makebuf.o)
                0x00000000000027e0                __smakebuf_r
 .text._free_r  0x000000000000287e       0xa8 d:/mounriver/mounriver_studio/toolchain/risc-v embedded gcc/bin/../lib/gcc/riscv-none-embed/8.2.0/../../../../riscv-none-embed/lib/rv32imac/ilp32\libg_nano.a(lib_a-nano-freer.o)
                0x000000000000287e                _free_r
 .text._malloc_r
                0x0000000000002926       0xd4 d:/mounriver/mounriver_studio/toolchain/risc-v embedded gcc/bin/../lib/gcc/riscv-none-embed/8.2.0/../../../../riscv-none-embed/lib/rv32imac/ilp32\libg_nano.a(lib_a-nano-mallocr.o)
                0x0000000000002926                _malloc_r
 .text.__sfputc_r
                0x00000000000029fa       0x2a d:/mounriver/mounriver_studio/toolchain/risc-v embedded gcc/bin/../lib/gcc/riscv-none-embed/8.2.0/../../../../riscv-none-embed/lib/rv32imac/ilp32\libg_nano.a(lib_a-nano-vfprintf.o)
 .text.__sfputs_r
                0x0000000000002a24       0x42 d:/mounriver/mounriver_studio/toolchain/risc-v embedded gcc/bin/../lib/gcc/riscv-none-embed/8.2.0/../../../../riscv-none-embed/lib/rv32imac/ilp32\libg_nano.a(lib_a-nano-vfprintf.o)
                0x0000000000002a24                __sfputs_r
 .text._vfprintf_r
                0x0000000000002a66      0x29a d:/mounriver/mounriver_studio/toolchain/risc-v embedded gcc/bin/../lib/gcc/riscv-none-embed/8.2.0/../../../../riscv-none-embed/lib/rv32imac/ilp32\libg_nano.a(lib_a-nano-vfprintf.o)
                0x0000000000002a66                _vfprintf_r
                0x0000000000002a66                _vfiprintf_r
 .text._printf_common
                0x0000000000002d00      0x10c d:/mounriver/mounriver_studio/toolchain/risc-v embedded gcc/bin/../lib/gcc/riscv-none-embed/8.2.0/../../../../riscv-none-embed/lib/rv32imac/ilp32\libg_nano.a(lib_a-nano-vfprintf_i.o)
                0x0000000000002d00                _printf_common
 .text._printf_i
                0x0000000000002e0c      0x2a2 d:/mounriver/mounriver_studio/toolchain/risc-v embedded gcc/bin/../lib/gcc/riscv-none-embed/8.2.0/../../../../riscv-none-embed/lib/rv32imac/ilp32\libg_nano.a(lib_a-nano-vfprintf_i.o)
                0x0000000000002e0c                _printf_i
 .text._sbrk_r  0x00000000000030ae       0x28 d:/mounriver/mounriver_studio/toolchain/risc-v embedded gcc/bin/../lib/gcc/riscv-none-embed/8.2.0/../../../../riscv-none-embed/lib/rv32imac/ilp32\libg_nano.a(lib_a-sbrkr.o)
                0x00000000000030ae                _sbrk_r
 .text.__sread  0x00000000000030d6       0x30 d:/mounriver/mounriver_studio/toolchain/risc-v embedded gcc/bin/../lib/gcc/riscv-none-embed/8.2.0/../../../../riscv-none-embed/lib/rv32imac/ilp32\libg_nano.a(lib_a-stdio.o)
                0x00000000000030d6                __sread
 .text.__swrite
                0x0000000000003106       0x4e d:/mounriver/mounriver_studio/toolchain/risc-v embedded gcc/bin/../lib/gcc/riscv-none-embed/8.2.0/../../../../riscv-none-embed/lib/rv32imac/ilp32\libg_nano.a(lib_a-stdio.o)
                0x0000000000003106                __swrite
 .text.__sseek  0x0000000000003154       0x36 d:/mounriver/mounriver_studio/toolchain/risc-v embedded gcc/bin/../lib/gcc/riscv-none-embed/8.2.0/../../../../riscv-none-embed/lib/rv32imac/ilp32\libg_nano.a(lib_a-stdio.o)
                0x0000000000003154                __sseek
 .text.__sclose
                0x000000000000318a        0x6 d:/mounriver/mounriver_studio/toolchain/risc-v embedded gcc/bin/../lib/gcc/riscv-none-embed/8.2.0/../../../../riscv-none-embed/lib/rv32imac/ilp32\libg_nano.a(lib_a-stdio.o)
                0x000000000000318a                __sclose
 .text._write_r
                0x0000000000003190       0x2e d:/mounriver/mounriver_studio/toolchain/risc-v embedded gcc/bin/../lib/gcc/riscv-none-embed/8.2.0/../../../../riscv-none-embed/lib/rv32imac/ilp32\libg_nano.a(lib_a-writer.o)
                0x0000000000003190                _write_r
 .text._close_r
                0x00000000000031be       0x28 d:/mounriver/mounriver_studio/toolchain/risc-v embedded gcc/bin/../lib/gcc/riscv-none-embed/8.2.0/../../../../riscv-none-embed/lib/rv32imac/ilp32\libg_nano.a(lib_a-closer.o)
                0x00000000000031be                _close_r
 .text._fstat_r
                0x00000000000031e6       0x2a d:/mounriver/mounriver_studio/toolchain/risc-v embedded gcc/bin/../lib/gcc/riscv-none-embed/8.2.0/../../../../riscv-none-embed/lib/rv32imac/ilp32\libg_nano.a(lib_a-fstatr.o)
                0x00000000000031e6                _fstat_r
 .text._isatty_r
                0x0000000000003210       0x28 d:/mounriver/mounriver_studio/toolchain/risc-v embedded gcc/bin/../lib/gcc/riscv-none-embed/8.2.0/../../../../riscv-none-embed/lib/rv32imac/ilp32\libg_nano.a(lib_a-isattyr.o)
                0x0000000000003210                _isatty_r
 .text._lseek_r
                0x0000000000003238       0x2c d:/mounriver/mounriver_studio/toolchain/risc-v embedded gcc/bin/../lib/gcc/riscv-none-embed/8.2.0/../../../../riscv-none-embed/lib/rv32imac/ilp32\libg_nano.a(lib_a-lseekr.o)
                0x0000000000003238                _lseek_r
 .text.memchr   0x0000000000003264       0x1a d:/mounriver/mounriver_studio/toolchain/risc-v embedded gcc/bin/../lib/gcc/riscv-none-embed/8.2.0/../../../../riscv-none-embed/lib/rv32imac/ilp32\libg_nano.a(lib_a-memchr.o)
                0x0000000000003264                memchr
 .text.__malloc_lock
                0x000000000000327e        0x2 d:/mounriver/mounriver_studio/toolchain/risc-v embedded gcc/bin/../lib/gcc/riscv-none-embed/8.2.0/../../../../riscv-none-embed/lib/rv32imac/ilp32\libg_nano.a(lib_a-mlock.o)
                0x000000000000327e                __malloc_lock
 .text.__malloc_unlock
                0x0000000000003280        0x2 d:/mounriver/mounriver_studio/toolchain/risc-v embedded gcc/bin/../lib/gcc/riscv-none-embed/8.2.0/../../../../riscv-none-embed/lib/rv32imac/ilp32\libg_nano.a(lib_a-mlock.o)
                0x0000000000003280                __malloc_unlock
 .text._read_r  0x0000000000003282       0x2c d:/mounriver/mounriver_studio/toolchain/risc-v embedded gcc/bin/../lib/gcc/riscv-none-embed/8.2.0/../../../../riscv-none-embed/lib/rv32imac/ilp32\libg_nano.a(lib_a-readr.o)
                0x0000000000003282                _read_r
 .text._close   0x00000000000032ae        0xc d:/mounriver/mounriver_studio/toolchain/risc-v embedded gcc/bin/../lib/gcc/riscv-none-embed/8.2.0/../../../../riscv-none-embed/lib/rv32imac/ilp32\libnosys.a(close.o)
                0x00000000000032ae                _close
 .text._fstat   0x00000000000032ba        0xc d:/mounriver/mounriver_studio/toolchain/risc-v embedded gcc/bin/../lib/gcc/riscv-none-embed/8.2.0/../../../../riscv-none-embed/lib/rv32imac/ilp32\libnosys.a(fstat.o)
                0x00000000000032ba                _fstat
 .text._isatty  0x00000000000032c6        0xc d:/mounriver/mounriver_studio/toolchain/risc-v embedded gcc/bin/../lib/gcc/riscv-none-embed/8.2.0/../../../../riscv-none-embed/lib/rv32imac/ilp32\libnosys.a(isatty.o)
                0x00000000000032c6                _isatty
 .text._lseek   0x00000000000032d2        0xc d:/mounriver/mounriver_studio/toolchain/risc-v embedded gcc/bin/../lib/gcc/riscv-none-embed/8.2.0/../../../../riscv-none-embed/lib/rv32imac/ilp32\libnosys.a(lseek.o)
                0x00000000000032d2                _lseek
 .text._read    0x00000000000032de        0xc d:/mounriver/mounriver_studio/toolchain/risc-v embedded gcc/bin/../lib/gcc/riscv-none-embed/8.2.0/../../../../riscv-none-embed/lib/rv32imac/ilp32\libnosys.a(read.o)
                0x00000000000032de                _read
 .text._sbrk    0x00000000000032ea       0x20 d:/mounriver/mounriver_studio/toolchain/risc-v embedded gcc/bin/../lib/gcc/riscv-none-embed/8.2.0/../../../../riscv-none-embed/lib/rv32imac/ilp32\libnosys.a(sbrk.o)
                0x00000000000032ea                _sbrk
 *(.rodata)
 *(.rodata*)
 *fill*         0x000000000000330a        0x2 
 .rodata.key_scan
                0x000000000000330c       0x14 ./src/MCUKeys.o
 .rodata.main.str1.4
                0x0000000000003320       0x45 ./src/Main.o
 *fill*         0x0000000000003365        0x3 
 .rodata.USB_DevTransProcess
                0x0000000000003368       0x2c ./src/usb_keyboard.o
 .rodata.MyManuInfo
                0x0000000000003394        0xe ./src/usb_keyboard.o
                0x0000000000003394                MyManuInfo
 *fill*         0x00000000000033a2        0x2 
 .rodata.MyProdInfo
                0x00000000000033a4       0x1c ./src/usb_keyboard.o
                0x00000000000033a4                MyProdInfo
 .rodata.MySerDes
                0x00000000000033c0       0x14 ./src/usb_keyboard.o
                0x00000000000033c0                MySerDes
 .rodata.USB_DevTransProcess.str1.4
                0x00000000000033d4      0x17e ./src/usb_keyboard.o
 *fill*         0x0000000000003552        0x2 
 .rodata.usb_keyboard_init.str1.4
                0x0000000000003554       0x2a ./src/usb_keyboard.o
                                         0x32 (size before relaxing)
 *fill*         0x000000000000357e        0x2 
 .rodata.shellBackspace.str1.4
                0x0000000000003580        0x4 ./shell/shell.o
 .rodata.shellClear.str1.4
                0x0000000000003584        0x9 ./shell/shell.o
 *fill*         0x000000000000358d        0x3 
 .rodata.shellDefaultCommandList
                0x0000000000003590       0x30 ./shell/shell.o
                0x0000000000003590                shellDefaultCommandList
 .rodata.shellDefaultKeyFunctionList
                0x00000000000035c0       0x30 ./shell/shell.o
                0x00000000000035c0                shellDefaultKeyFunctionList
 .rodata.shellDisplayItem.str1.4
                0x00000000000035f0        0x7 ./shell/shell.o
                                          0xb (size before relaxing)
 .rodata.shellEnter.str1.4
                0x00000000000035f7        0x7 ./shell/shell.o
                                          0x5 (size before relaxing)
 *fill*         0x00000000000035f7        0x1 
 .rodata.shellHandler.str1.4
                0x00000000000035f8       0x20 ./shell/shell.o
 .rodata.shellHelp.str1.4
                0x0000000000003618       0x3c ./shell/shell.o
 .rodata.shellInit.str1.4
                0x0000000000003654      0x142 ./shell/shell.o
 *fill*         0x0000000000003796        0x2 
 .rodata.str1.4
                0x0000000000003798       0x6e ./shell/shell.o
 *fill*         0x0000000000003806        0x2 
 .rodata.GPIOA_ModeCfg
                0x0000000000003808       0x14 ./StdPeriphDriver/CH57x_gpio.o
 .rodata.__sf_fake_stderr
                0x000000000000381c       0x20 d:/mounriver/mounriver_studio/toolchain/risc-v embedded gcc/bin/../lib/gcc/riscv-none-embed/8.2.0/../../../../riscv-none-embed/lib/rv32imac/ilp32\libg_nano.a(lib_a-findfp.o)
                0x000000000000381c                __sf_fake_stderr
 .rodata.__sf_fake_stdin
                0x000000000000383c       0x20 d:/mounriver/mounriver_studio/toolchain/risc-v embedded gcc/bin/../lib/gcc/riscv-none-embed/8.2.0/../../../../riscv-none-embed/lib/rv32imac/ilp32\libg_nano.a(lib_a-findfp.o)
                0x000000000000383c                __sf_fake_stdin
 .rodata.__sf_fake_stdout
                0x000000000000385c       0x20 d:/mounriver/mounriver_studio/toolchain/risc-v embedded gcc/bin/../lib/gcc/riscv-none-embed/8.2.0/../../../../riscv-none-embed/lib/rv32imac/ilp32\libg_nano.a(lib_a-findfp.o)
                0x000000000000385c                __sf_fake_stdout
 .rodata._vfprintf_r.str1.4
                0x000000000000387c       0x13 d:/mounriver/mounriver_studio/toolchain/risc-v embedded gcc/bin/../lib/gcc/riscv-none-embed/8.2.0/../../../../riscv-none-embed/lib/rv32imac/ilp32\libg_nano.a(lib_a-nano-vfprintf.o)
 *fill*         0x000000000000388f        0x1 
 .rodata._printf_i.str1.4
                0x0000000000003890       0x28 d:/mounriver/mounriver_studio/toolchain/risc-v embedded gcc/bin/../lib/gcc/riscv-none-embed/8.2.0/../../../../riscv-none-embed/lib/rv32imac/ilp32\libg_nano.a(lib_a-nano-vfprintf_i.o)
                                         0x25 (size before relaxing)
 *(.sdata2.*)
 .sdata2._global_impure_ptr
                0x00000000000038b8        0x4 d:/mounriver/mounriver_studio/toolchain/risc-v embedded gcc/bin/../lib/gcc/riscv-none-embed/8.2.0/../../../../riscv-none-embed/lib/rv32imac/ilp32\libg_nano.a(lib_a-impure.o)
                0x00000000000038b8                _global_impure_ptr
 *(.glue_7)
 *(.glue_7t)
 *(.gnu.linkonce.t.*)
                0x00000000000038bc                . = ALIGN (0x4)

.rela.dyn       0x00000000000038bc        0x0
 .rela.text.key_in_fifo
                0x00000000000038bc        0x0 ./src/MCUKeys.o
 .rela.text.key_out_fifo
                0x00000000000038bc        0x0 ./src/MCUKeys.o
 .rela.text.startup.main
                0x00000000000038bc        0x0 ./src/MCUKeys.o
 .rela.highcode
                0x00000000000038bc        0x0 ./src/MCUKeys.o
 .rela.text.descript_init
                0x00000000000038bc        0x0 ./src/MCUKeys.o
 .rela.text.usb_keyboard_init
                0x00000000000038bc        0x0 ./src/MCUKeys.o
 .rela.text.DevEP2_OUT_Deal
                0x00000000000038bc        0x0 ./src/MCUKeys.o
 .rela.text.DevEP3_OUT_Deal
                0x00000000000038bc        0x0 ./src/MCUKeys.o
 .rela.text.DevEP4_OUT_Deal
                0x00000000000038bc        0x0 ./src/MCUKeys.o
 .rela.text.USB_DevTransProcess
                0x00000000000038bc        0x0 ./src/MCUKeys.o
 .rela.text.USB_DeviceInit
                0x00000000000038bc        0x0 ./src/MCUKeys.o
 .rela.init     0x00000000000038bc        0x0 ./src/MCUKeys.o
 .rela.vector   0x00000000000038bc        0x0 ./src/MCUKeys.o
 .rela.handle_reset
                0x00000000000038bc        0x0 ./src/MCUKeys.o
 .rela.text._vfprintf_r
                0x00000000000038bc        0x0 ./src/MCUKeys.o
 .rela.text._sbrk_r
                0x00000000000038bc        0x0 ./src/MCUKeys.o
 .rela.text._write_r
                0x00000000000038bc        0x0 ./src/MCUKeys.o
 .rela.text._close_r
                0x00000000000038bc        0x0 ./src/MCUKeys.o
 .rela.text._fstat_r
                0x00000000000038bc        0x0 ./src/MCUKeys.o
 .rela.text._isatty_r
                0x00000000000038bc        0x0 ./src/MCUKeys.o
 .rela.text._lseek_r
                0x00000000000038bc        0x0 ./src/MCUKeys.o
 .rela.text._read_r
                0x00000000000038bc        0x0 ./src/MCUKeys.o
 .rela.text._close
                0x00000000000038bc        0x0 ./src/MCUKeys.o
 .rela.text._fstat
                0x00000000000038bc        0x0 ./src/MCUKeys.o
 .rela.text._isatty
                0x00000000000038bc        0x0 ./src/MCUKeys.o
 .rela.text._lseek
                0x00000000000038bc        0x0 ./src/MCUKeys.o
 .rela.text._read
                0x00000000000038bc        0x0 ./src/MCUKeys.o
 .rela.text._sbrk
                0x00000000000038bc        0x0 ./src/MCUKeys.o

.fini           0x00000000000038bc        0x0
 *(SORT_NONE(.fini))
                0x00000000000038bc                . = ALIGN (0x4)
                [!provide]                        PROVIDE (_etext = .)
                [!provide]                        PROVIDE (_eitcm = .)

.preinit_array  0x00000000000038bc        0x0
                [!provide]                        PROVIDE (__preinit_array_start = .)
 *(.preinit_array)
                [!provide]                        PROVIDE (__preinit_array_end = .)

.init_array     0x00000000000038bc        0x0
                [!provide]                        PROVIDE (__init_array_start = .)
 *(SORT_BY_INIT_PRIORITY(.init_array.*) SORT_BY_INIT_PRIORITY(.ctors.*))
 *(.init_array EXCLUDE_FILE(*crtend?.o *crtend.o *crtbegin?.o *crtbegin.o) .ctors)
                [!provide]                        PROVIDE (__init_array_end = .)

.fini_array     0x00000000000038bc        0x0
                [!provide]                        PROVIDE (__fini_array_start = .)
 *(SORT_BY_INIT_PRIORITY(.fini_array.*) SORT_BY_INIT_PRIORITY(.dtors.*))
 *(.fini_array EXCLUDE_FILE(*crtend?.o *crtend.o *crtbegin?.o *crtbegin.o) .dtors)
                [!provide]                        PROVIDE (__fini_array_end = .)

.ctors
 *crtbegin.o(.ctors)
 *crtbegin?.o(.ctors)
 *(EXCLUDE_FILE(*crtend?.o *crtend.o) .ctors)
 *(SORT_BY_NAME(.ctors.*))
 *(.ctors)

.dtors
 *crtbegin.o(.dtors)
 *crtbegin?.o(.dtors)
 *(EXCLUDE_FILE(*crtend?.o *crtend.o) .dtors)
 *(SORT_BY_NAME(.dtors.*))
 *(.dtors)

.dalign         0x0000000020003a5a      0x5a6 load address 0x00000000000038bc
                0x0000000020004000                . = (ORIGIN (RAM) + MAX (0x800, SIZEOF (.highcode)))
 *fill*         0x0000000020003a5a      0x5a6 

.dlalign        0x00000000000038bc        0x0
                0x00000000000038bc                . = ALIGN (0x4)
                0x00000000000038bc                PROVIDE (_data_lma = .)

.data           0x0000000020004000       0xa0 load address 0x00000000000038bc
                0x0000000020004000                PROVIDE (_data_vma = .)
 *(.gnu.linkonce.r.*)
 *(.data .data.*)
 .data.report_descriptor
                0x0000000020004000       0x33 ./src/usb_descript.o
                0x0000000020004000                report_descriptor
 *fill*         0x0000000020004033        0x1 
 .data.impure_data
                0x0000000020004034       0x60 d:/mounriver/mounriver_studio/toolchain/risc-v embedded gcc/bin/../lib/gcc/riscv-none-embed/8.2.0/../../../../riscv-none-embed/lib/rv32imac/ilp32\libg_nano.a(lib_a-impure.o)
 *(.gnu.linkonce.d.*)
                0x0000000020004098                . = ALIGN (0x8)
 *fill*         0x0000000020004094        0x4 
                0x0000000020004898                PROVIDE (__global_pointer$ = (. + 0x800))
 *(.sdata .sdata.*)
 .sdata._impure_ptr
                0x0000000020004098        0x4 d:/mounriver/mounriver_studio/toolchain/risc-v embedded gcc/bin/../lib/gcc/riscv-none-embed/8.2.0/../../../../riscv-none-embed/lib/rv32imac/ilp32\libg_nano.a(lib_a-impure.o)
                0x0000000020004098                _impure_ptr
 *(.gnu.linkonce.s.*)
                0x00000000200040a0                . = ALIGN (0x8)
 *fill*         0x000000002000409c        0x4 
 *(.srodata.cst16)
 *(.srodata.cst8)
 *(.srodata.cst4)
 *(.srodata.cst2)
 *(.srodata .srodata.*)
                0x00000000200040a0                . = ALIGN (0x4)
                0x00000000200040a0                PROVIDE (_edata = .)

.bss            0x00000000200040a0      0x518 load address 0x000000000000395c
                0x00000000200040a0                . = ALIGN (0x4)
                0x00000000200040a0                PROVIDE (_sbss = .)
 *(.sbss*)
 .sbss.head     0x00000000200040a0        0x4 ./src/MCUKeys.o
 .sbss.systick  0x00000000200040a4        0x4 ./src/Main.o
                0x00000000200040a4                systick
 .sbss.__malloc_free_list
                0x00000000200040a8        0x4 d:/mounriver/mounriver_studio/toolchain/risc-v embedded gcc/bin/../lib/gcc/riscv-none-embed/8.2.0/../../../../riscv-none-embed/lib/rv32imac/ilp32\libg_nano.a(lib_a-nano-mallocr.o)
                0x00000000200040a8                __malloc_free_list
 .sbss.__malloc_sbrk_start
                0x00000000200040ac        0x4 d:/mounriver/mounriver_studio/toolchain/risc-v embedded gcc/bin/../lib/gcc/riscv-none-embed/8.2.0/../../../../riscv-none-embed/lib/rv32imac/ilp32\libg_nano.a(lib_a-nano-mallocr.o)
                0x00000000200040ac                __malloc_sbrk_start
 .sbss.heap_end.1518
                0x00000000200040b0        0x4 d:/mounriver/mounriver_studio/toolchain/risc-v embedded gcc/bin/../lib/gcc/riscv-none-embed/8.2.0/../../../../riscv-none-embed/lib/rv32imac/ilp32\libnosys.a(sbrk.o)
 *(.gnu.linkonce.sb.*)
 *(.bss*)
 .bss.my_key    0x00000000200040b4       0xa0 ./src/Main.o
 .bss.shellList
                0x0000000020004154       0x14 ./shell/shell.o
 *(.gnu.linkonce.b.*)
 *(COMMON*)
 COMMON         0x0000000020004168       0x34 ./src/MCUKeys.o
                0x0000000020004168                keys_fifo
 COMMON         0x000000002000419c      0x178 ./src/Main.o
                0x000000002000419c                shell
 COMMON         0x0000000020004314       0x44 ./src/usb_descript.o
                0x0000000020004314                Device_Descriptor
                0x0000000020004328                Descriptor_Set
                0x0000000020004354                ID_Descriptor
 COMMON         0x0000000020004358      0x24c ./src/usb_keyboard.o
                0x0000000020004358                DevConfig
                0x000000002000435a                SetupReqLen
                0x000000002000435c                SetupReqCode
                0x0000000020004360                pDescr
                0x0000000020004364                EP0_Databuf
                0x0000000020004424                EP1_Databuf
                0x00000000200044a4                EP2_Databuf
                0x0000000020004524                EP3_Databuf
 COMMON         0x00000000200045a4       0x10 ./StdPeriphDriver/CH57x_usbdev.o
                0x00000000200045a4                pEP2_RAM_Addr
                0x00000000200045a8                pEP3_RAM_Addr
                0x00000000200045ac                pEP0_RAM_Addr
                0x00000000200045b0                pEP1_RAM_Addr
 COMMON         0x00000000200045b4        0x4 d:/mounriver/mounriver_studio/toolchain/risc-v embedded gcc/bin/../lib/gcc/riscv-none-embed/8.2.0/../../../../riscv-none-embed/lib/rv32imac/ilp32\libg_nano.a(lib_a-reent.o)
                0x00000000200045b4                errno
                0x00000000200045b8                . = ALIGN (0x4)
                0x00000000200045b8                PROVIDE (_ebss = .)
                [!provide]                        PROVIDE (_end = _ebss)
                0x00000000200045b8                PROVIDE (end = .)

.stack          0x0000000020008000        0x0
                0x0000000020008000                . = ALIGN (0x4)
                0x0000000020008000                PROVIDE (_eusrstack = .)
OUTPUT(usb_keyboard.elf elf32-littleriscv)

.debug_info     0x0000000000000000     0x9595
 .debug_info    0x0000000000000000      0x430 ./src/MCUKeys.o
 .debug_info    0x0000000000000430     0x1792 ./src/Main.o
 .debug_info    0x0000000000001bc2      0x49a ./src/usb_descript.o
 .debug_info    0x000000000000205c     0x1704 ./src/usb_keyboard.o
 .debug_info    0x0000000000003760     0x1ca3 ./shell/shell.o
 .debug_info    0x0000000000005403      0xb44 ./shell/shell_cmd.o
 .debug_info    0x0000000000005f47      0xce7 ./StdPeriphDriver/CH57x_gpio.o
 .debug_info    0x0000000000006c2e     0x10a6 ./StdPeriphDriver/CH57x_sys.o
 .debug_info    0x0000000000007cd4      0xcbf ./StdPeriphDriver/CH57x_uart1.o
 .debug_info    0x0000000000008993      0xbe0 ./StdPeriphDriver/CH57x_usbdev.o
 .debug_info    0x0000000000009573       0x22 ./Startup/startup_CH573.o

.debug_abbrev   0x0000000000000000     0x1d25
 .debug_abbrev  0x0000000000000000      0x2af ./src/MCUKeys.o
 .debug_abbrev  0x00000000000002af      0x460 ./src/Main.o
 .debug_abbrev  0x000000000000070f       0xc9 ./src/usb_descript.o
 .debug_abbrev  0x00000000000007d8      0x2d5 ./src/usb_keyboard.o
 .debug_abbrev  0x0000000000000aad      0x572 ./shell/shell.o
 .debug_abbrev  0x000000000000101f      0x232 ./shell/shell_cmd.o
 .debug_abbrev  0x0000000000001251      0x27b ./StdPeriphDriver/CH57x_gpio.o
 .debug_abbrev  0x00000000000014cc      0x360 ./StdPeriphDriver/CH57x_sys.o
 .debug_abbrev  0x000000000000182c      0x2bd ./StdPeriphDriver/CH57x_uart1.o
 .debug_abbrev  0x0000000000001ae9      0x22a ./StdPeriphDriver/CH57x_usbdev.o
 .debug_abbrev  0x0000000000001d13       0x12 ./Startup/startup_CH573.o

.debug_loc      0x0000000000000000     0x1bfa
 .debug_loc     0x0000000000000000      0x148 ./src/MCUKeys.o
 .debug_loc     0x0000000000000148       0xa7 ./src/Main.o
 .debug_loc     0x00000000000001ef      0x37c ./src/usb_keyboard.o
 .debug_loc     0x000000000000056b      0xed3 ./shell/shell.o
 .debug_loc     0x000000000000143e       0x1f ./shell/shell_cmd.o
 .debug_loc     0x000000000000145d      0x361 ./StdPeriphDriver/CH57x_gpio.o
 .debug_loc     0x00000000000017be      0x24f ./StdPeriphDriver/CH57x_sys.o
 .debug_loc     0x0000000000001a0d      0x1ed ./StdPeriphDriver/CH57x_uart1.o

.debug_aranges  0x0000000000000000      0x378
 .debug_aranges
                0x0000000000000000       0x50 ./src/MCUKeys.o
 .debug_aranges
                0x0000000000000050       0x50 ./src/Main.o
 .debug_aranges
                0x00000000000000a0       0x20 ./src/usb_descript.o
 .debug_aranges
                0x00000000000000c0       0x48 ./src/usb_keyboard.o
 .debug_aranges
                0x0000000000000108       0xb0 ./shell/shell.o
 .debug_aranges
                0x00000000000001b8       0x28 ./shell/shell_cmd.o
 .debug_aranges
                0x00000000000001e0       0x48 ./StdPeriphDriver/CH57x_gpio.o
 .debug_aranges
                0x0000000000000228       0x88 ./StdPeriphDriver/CH57x_sys.o
 .debug_aranges
                0x00000000000002b0       0x50 ./StdPeriphDriver/CH57x_uart1.o
 .debug_aranges
                0x0000000000000300       0x40 ./StdPeriphDriver/CH57x_usbdev.o
 .debug_aranges
                0x0000000000000340       0x38 ./Startup/startup_CH573.o

.debug_ranges   0x0000000000000000      0x590
 .debug_ranges  0x0000000000000000       0x60 ./src/MCUKeys.o
 .debug_ranges  0x0000000000000060       0x58 ./src/Main.o
 .debug_ranges  0x00000000000000b8       0x10 ./src/usb_descript.o
 .debug_ranges  0x00000000000000c8       0x38 ./src/usb_keyboard.o
 .debug_ranges  0x0000000000000100      0x328 ./shell/shell.o
 .debug_ranges  0x0000000000000428       0x18 ./shell/shell_cmd.o
 .debug_ranges  0x0000000000000440       0x38 ./StdPeriphDriver/CH57x_gpio.o
 .debug_ranges  0x0000000000000478       0x78 ./StdPeriphDriver/CH57x_sys.o
 .debug_ranges  0x00000000000004f0       0x40 ./StdPeriphDriver/CH57x_uart1.o
 .debug_ranges  0x0000000000000530       0x30 ./StdPeriphDriver/CH57x_usbdev.o
 .debug_ranges  0x0000000000000560       0x30 ./Startup/startup_CH573.o

.debug_line     0x0000000000000000     0x6095
 .debug_line    0x0000000000000000      0x7f3 ./src/MCUKeys.o
 .debug_line    0x00000000000007f3      0x916 ./src/Main.o
 .debug_line    0x0000000000001109      0x582 ./src/usb_descript.o
 .debug_line    0x000000000000168b      0xfb8 ./src/usb_keyboard.o
 .debug_line    0x0000000000002643     0x1a2c ./shell/shell.o
 .debug_line    0x000000000000406f      0x20e ./shell/shell_cmd.o
 .debug_line    0x000000000000427d      0x6fc ./StdPeriphDriver/CH57x_gpio.o
 .debug_line    0x0000000000004979      0xb1d ./StdPeriphDriver/CH57x_sys.o
 .debug_line    0x0000000000005496      0x531 ./StdPeriphDriver/CH57x_uart1.o
 .debug_line    0x00000000000059c7      0x472 ./StdPeriphDriver/CH57x_usbdev.o
 .debug_line    0x0000000000005e39      0x25c ./Startup/startup_CH573.o

.debug_str      0x0000000000000000     0x1ac2
 .debug_str     0x0000000000000000      0x352 ./src/MCUKeys.o
                                        0x3eb (size before relaxing)
 .debug_str     0x0000000000000352      0xb82 ./src/Main.o
                                        0xf28 (size before relaxing)
 .debug_str     0x0000000000000ed4      0x349 ./src/usb_descript.o
                                        0x502 (size before relaxing)
 .debug_str     0x000000000000121d      0x189 ./src/usb_keyboard.o
                                        0xc52 (size before relaxing)
 .debug_str     0x00000000000013a6      0x326 ./shell/shell.o
                                        0x9f0 (size before relaxing)
 .debug_str     0x00000000000016cc       0x57 ./shell/shell_cmd.o
                                        0x74f (size before relaxing)
 .debug_str     0x0000000000001723      0x11d ./StdPeriphDriver/CH57x_gpio.o
                                        0x899 (size before relaxing)
 .debug_str     0x0000000000001840      0x175 ./StdPeriphDriver/CH57x_sys.o
                                        0xace (size before relaxing)
 .debug_str     0x00000000000019b5       0x8a ./StdPeriphDriver/CH57x_uart1.o
                                        0x83e (size before relaxing)
 .debug_str     0x0000000000001a3f       0x3f ./StdPeriphDriver/CH57x_usbdev.o
                                        0x795 (size before relaxing)
 .debug_str     0x0000000000001a7e       0x44 ./Startup/startup_CH573.o
                                         0x7c (size before relaxing)

.comment        0x0000000000000000       0x33
 .comment       0x0000000000000000       0x33 ./src/MCUKeys.o
                                         0x34 (size before relaxing)
 .comment       0x0000000000000033       0x34 ./src/Main.o
 .comment       0x0000000000000033       0x34 ./src/usb_descript.o
 .comment       0x0000000000000033       0x34 ./src/usb_keyboard.o
 .comment       0x0000000000000033       0x34 ./shell/shell.o
 .comment       0x0000000000000033       0x34 ./shell/shell_cmd.o
 .comment       0x0000000000000033       0x34 ./StdPeriphDriver/CH57x_gpio.o
 .comment       0x0000000000000033       0x34 ./StdPeriphDriver/CH57x_sys.o
 .comment       0x0000000000000033       0x34 ./StdPeriphDriver/CH57x_uart1.o
 .comment       0x0000000000000033       0x34 ./StdPeriphDriver/CH57x_usbdev.o

.debug_frame    0x0000000000000000     0x115c
 .debug_frame   0x0000000000000000       0xb0 ./src/MCUKeys.o
 .debug_frame   0x00000000000000b0       0xcc ./src/Main.o
 .debug_frame   0x000000000000017c       0x20 ./src/usb_descript.o
 .debug_frame   0x000000000000019c       0xa0 ./src/usb_keyboard.o
 .debug_frame   0x000000000000023c      0x31c ./shell/shell.o
 .debug_frame   0x0000000000000558       0x3c ./shell/shell_cmd.o
 .debug_frame   0x0000000000000594       0x70 ./StdPeriphDriver/CH57x_gpio.o
 .debug_frame   0x0000000000000604      0x108 ./StdPeriphDriver/CH57x_sys.o
 .debug_frame   0x000000000000070c       0x9c ./StdPeriphDriver/CH57x_uart1.o
 .debug_frame   0x00000000000007a8       0x60 ./StdPeriphDriver/CH57x_usbdev.o
 .debug_frame   0x0000000000000808       0x20 d:/mounriver/mounriver_studio/toolchain/risc-v embedded gcc/bin/../lib/gcc/riscv-none-embed/8.2.0/../../../../riscv-none-embed/lib/rv32imac/ilp32\libg_nano.a(lib_a-memcpy.o)
 .debug_frame   0x0000000000000828       0x54 d:/mounriver/mounriver_studio/toolchain/risc-v embedded gcc/bin/../lib/gcc/riscv-none-embed/8.2.0/../../../../riscv-none-embed/lib/rv32imac/ilp32\libg_nano.a(lib_a-printf.o)
 .debug_frame   0x000000000000087c       0x54 d:/mounriver/mounriver_studio/toolchain/risc-v embedded gcc/bin/../lib/gcc/riscv-none-embed/8.2.0/../../../../riscv-none-embed/lib/rv32imac/ilp32\libg_nano.a(lib_a-puts.o)
 .debug_frame   0x00000000000008d0       0x50 d:/mounriver/mounriver_studio/toolchain/risc-v embedded gcc/bin/../lib/gcc/riscv-none-embed/8.2.0/../../../../riscv-none-embed/lib/rv32imac/ilp32\libg_nano.a(lib_a-wbuf.o)
 .debug_frame   0x0000000000000920       0x3c d:/mounriver/mounriver_studio/toolchain/risc-v embedded gcc/bin/../lib/gcc/riscv-none-embed/8.2.0/../../../../riscv-none-embed/lib/rv32imac/ilp32\libg_nano.a(lib_a-wsetup.o)
 .debug_frame   0x000000000000095c       0x7c d:/mounriver/mounriver_studio/toolchain/risc-v embedded gcc/bin/../lib/gcc/riscv-none-embed/8.2.0/../../../../riscv-none-embed/lib/rv32imac/ilp32\libg_nano.a(lib_a-fflush.o)
 .debug_frame   0x00000000000009d8      0x148 d:/mounriver/mounriver_studio/toolchain/risc-v embedded gcc/bin/../lib/gcc/riscv-none-embed/8.2.0/../../../../riscv-none-embed/lib/rv32imac/ilp32\libg_nano.a(lib_a-findfp.o)
 .debug_frame   0x0000000000000b20       0x88 d:/mounriver/mounriver_studio/toolchain/risc-v embedded gcc/bin/../lib/gcc/riscv-none-embed/8.2.0/../../../../riscv-none-embed/lib/rv32imac/ilp32\libg_nano.a(lib_a-fwalk.o)
 .debug_frame   0x0000000000000ba8       0x64 d:/mounriver/mounriver_studio/toolchain/risc-v embedded gcc/bin/../lib/gcc/riscv-none-embed/8.2.0/../../../../riscv-none-embed/lib/rv32imac/ilp32\libg_nano.a(lib_a-makebuf.o)
 .debug_frame   0x0000000000000c0c       0x40 d:/mounriver/mounriver_studio/toolchain/risc-v embedded gcc/bin/../lib/gcc/riscv-none-embed/8.2.0/../../../../riscv-none-embed/lib/rv32imac/ilp32\libg_nano.a(lib_a-nano-freer.o)
 .debug_frame   0x0000000000000c4c       0x40 d:/mounriver/mounriver_studio/toolchain/risc-v embedded gcc/bin/../lib/gcc/riscv-none-embed/8.2.0/../../../../riscv-none-embed/lib/rv32imac/ilp32\libg_nano.a(lib_a-nano-mallocr.o)
 .debug_frame   0x0000000000000c8c       0xd0 d:/mounriver/mounriver_studio/toolchain/risc-v embedded gcc/bin/../lib/gcc/riscv-none-embed/8.2.0/../../../../riscv-none-embed/lib/rv32imac/ilp32\libg_nano.a(lib_a-nano-vfprintf.o)
 .debug_frame   0x0000000000000d5c       0x8c d:/mounriver/mounriver_studio/toolchain/risc-v embedded gcc/bin/../lib/gcc/riscv-none-embed/8.2.0/../../../../riscv-none-embed/lib/rv32imac/ilp32\libg_nano.a(lib_a-nano-vfprintf_i.o)
 .debug_frame   0x0000000000000de8       0x30 d:/mounriver/mounriver_studio/toolchain/risc-v embedded gcc/bin/../lib/gcc/riscv-none-embed/8.2.0/../../../../riscv-none-embed/lib/rv32imac/ilp32\libg_nano.a(lib_a-sbrkr.o)
 .debug_frame   0x0000000000000e18       0xa4 d:/mounriver/mounriver_studio/toolchain/risc-v embedded gcc/bin/../lib/gcc/riscv-none-embed/8.2.0/../../../../riscv-none-embed/lib/rv32imac/ilp32\libg_nano.a(lib_a-stdio.o)
 .debug_frame   0x0000000000000ebc       0x30 d:/mounriver/mounriver_studio/toolchain/risc-v embedded gcc/bin/../lib/gcc/riscv-none-embed/8.2.0/../../../../riscv-none-embed/lib/rv32imac/ilp32\libg_nano.a(lib_a-writer.o)
 .debug_frame   0x0000000000000eec       0x30 d:/mounriver/mounriver_studio/toolchain/risc-v embedded gcc/bin/../lib/gcc/riscv-none-embed/8.2.0/../../../../riscv-none-embed/lib/rv32imac/ilp32\libg_nano.a(lib_a-closer.o)
 .debug_frame   0x0000000000000f1c       0x30 d:/mounriver/mounriver_studio/toolchain/risc-v embedded gcc/bin/../lib/gcc/riscv-none-embed/8.2.0/../../../../riscv-none-embed/lib/rv32imac/ilp32\libg_nano.a(lib_a-fstatr.o)
 .debug_frame   0x0000000000000f4c       0x30 d:/mounriver/mounriver_studio/toolchain/risc-v embedded gcc/bin/../lib/gcc/riscv-none-embed/8.2.0/../../../../riscv-none-embed/lib/rv32imac/ilp32\libg_nano.a(lib_a-isattyr.o)
 .debug_frame   0x0000000000000f7c       0x30 d:/mounriver/mounriver_studio/toolchain/risc-v embedded gcc/bin/../lib/gcc/riscv-none-embed/8.2.0/../../../../riscv-none-embed/lib/rv32imac/ilp32\libg_nano.a(lib_a-lseekr.o)
 .debug_frame   0x0000000000000fac       0x20 d:/mounriver/mounriver_studio/toolchain/risc-v embedded gcc/bin/../lib/gcc/riscv-none-embed/8.2.0/../../../../riscv-none-embed/lib/rv32imac/ilp32\libg_nano.a(lib_a-memchr.o)
 .debug_frame   0x0000000000000fcc       0x30 d:/mounriver/mounriver_studio/toolchain/risc-v embedded gcc/bin/../lib/gcc/riscv-none-embed/8.2.0/../../../../riscv-none-embed/lib/rv32imac/ilp32\libg_nano.a(lib_a-mlock.o)
 .debug_frame   0x0000000000000ffc       0x30 d:/mounriver/mounriver_studio/toolchain/risc-v embedded gcc/bin/../lib/gcc/riscv-none-embed/8.2.0/../../../../riscv-none-embed/lib/rv32imac/ilp32\libg_nano.a(lib_a-readr.o)
 .debug_frame   0x000000000000102c       0x70 d:/mounriver/mounriver_studio/toolchain/risc-v embedded gcc/bin/../lib/gcc/riscv-none-embed/8.2.0/../../../../riscv-none-embed/lib/rv32imac/ilp32\libg_nano.a(lib_a-reent.o)
 .debug_frame   0x000000000000109c       0x20 d:/mounriver/mounriver_studio/toolchain/risc-v embedded gcc/bin/../lib/gcc/riscv-none-embed/8.2.0/../../../../riscv-none-embed/lib/rv32imac/ilp32\libnosys.a(close.o)
 .debug_frame   0x00000000000010bc       0x20 d:/mounriver/mounriver_studio/toolchain/risc-v embedded gcc/bin/../lib/gcc/riscv-none-embed/8.2.0/../../../../riscv-none-embed/lib/rv32imac/ilp32\libnosys.a(fstat.o)
 .debug_frame   0x00000000000010dc       0x20 d:/mounriver/mounriver_studio/toolchain/risc-v embedded gcc/bin/../lib/gcc/riscv-none-embed/8.2.0/../../../../riscv-none-embed/lib/rv32imac/ilp32\libnosys.a(isatty.o)
 .debug_frame   0x00000000000010fc       0x20 d:/mounriver/mounriver_studio/toolchain/risc-v embedded gcc/bin/../lib/gcc/riscv-none-embed/8.2.0/../../../../riscv-none-embed/lib/rv32imac/ilp32\libnosys.a(lseek.o)
 .debug_frame   0x000000000000111c       0x20 d:/mounriver/mounriver_studio/toolchain/risc-v embedded gcc/bin/../lib/gcc/riscv-none-embed/8.2.0/../../../../riscv-none-embed/lib/rv32imac/ilp32\libnosys.a(read.o)
 .debug_frame   0x000000000000113c       0x20 d:/mounriver/mounriver_studio/toolchain/risc-v embedded gcc/bin/../lib/gcc/riscv-none-embed/8.2.0/../../../../riscv-none-embed/lib/rv32imac/ilp32\libnosys.a(sbrk.o)

.stab           0x0000000000000000       0x84
 .stab          0x0000000000000000       0x24 d:/mounriver/mounriver_studio/toolchain/risc-v embedded gcc/bin/../lib/gcc/riscv-none-embed/8.2.0/../../../../riscv-none-embed/lib/rv32imac/ilp32\libnosys.a(close.o)
 .stab          0x0000000000000024       0x18 d:/mounriver/mounriver_studio/toolchain/risc-v embedded gcc/bin/../lib/gcc/riscv-none-embed/8.2.0/../../../../riscv-none-embed/lib/rv32imac/ilp32\libnosys.a(fstat.o)
                                         0x24 (size before relaxing)
 .stab          0x000000000000003c       0x18 d:/mounriver/mounriver_studio/toolchain/risc-v embedded gcc/bin/../lib/gcc/riscv-none-embed/8.2.0/../../../../riscv-none-embed/lib/rv32imac/ilp32\libnosys.a(isatty.o)
                                         0x24 (size before relaxing)
 .stab          0x0000000000000054       0x18 d:/mounriver/mounriver_studio/toolchain/risc-v embedded gcc/bin/../lib/gcc/riscv-none-embed/8.2.0/../../../../riscv-none-embed/lib/rv32imac/ilp32\libnosys.a(lseek.o)
                                         0x24 (size before relaxing)
 .stab          0x000000000000006c       0x18 d:/mounriver/mounriver_studio/toolchain/risc-v embedded gcc/bin/../lib/gcc/riscv-none-embed/8.2.0/../../../../riscv-none-embed/lib/rv32imac/ilp32\libnosys.a(read.o)
                                         0x24 (size before relaxing)

.stabstr        0x0000000000000000      0x117
 .stabstr       0x0000000000000000      0x117 d:/mounriver/mounriver_studio/toolchain/risc-v embedded gcc/bin/../lib/gcc/riscv-none-embed/8.2.0/../../../../riscv-none-embed/lib/rv32imac/ilp32\libnosys.a(close.o)
