Archive member included to satisfy reference by file (symbol)

C:\Users\yekai\Documents\GitHub\ComputerOccupyingMonitor\EmbeddedProject\SRC\StdPeriphDriver\libISP573.a(ISP573.o)
                              ./StdPeriphDriver/CH57x_adc.o (FLASH_EEPROM_CMD)
c:/mounriver/mounriver_studio/toolchain/risc-v embedded gcc/bin/../lib/gcc/riscv-none-embed/8.2.0/rv32imac/ilp32\libgcc.a(muldf3.o)
                              ./StdPeriphDriver/CH57x_clk.o (__muldf3)
c:/mounriver/mounriver_studio/toolchain/risc-v embedded gcc/bin/../lib/gcc/riscv-none-embed/8.2.0/rv32imac/ilp32\libgcc.a(floatsidf.o)
                              ./StdPeriphDriver/CH57x_clk.o (__floatsidf)
c:/mounriver/mounriver_studio/toolchain/risc-v embedded gcc/bin/../lib/gcc/riscv-none-embed/8.2.0/rv32imac/ilp32\libgcc.a(mulsf3.o)
                              ./StdPeriphDriver/CH57x_clk.o (__mulsf3)
c:/mounriver/mounriver_studio/toolchain/risc-v embedded gcc/bin/../lib/gcc/riscv-none-embed/8.2.0/rv32imac/ilp32\libgcc.a(fixsfsi.o)
                              ./StdPeriphDriver/CH57x_clk.o (__fixsfsi)
c:/mounriver/mounriver_studio/toolchain/risc-v embedded gcc/bin/../lib/gcc/riscv-none-embed/8.2.0/rv32imac/ilp32\libgcc.a(floatsisf.o)
                              ./StdPeriphDriver/CH57x_clk.o (__floatsisf)
c:/mounriver/mounriver_studio/toolchain/risc-v embedded gcc/bin/../lib/gcc/riscv-none-embed/8.2.0/rv32imac/ilp32\libgcc.a(truncdfsf2.o)
                              ./StdPeriphDriver/CH57x_clk.o (__truncdfsf2)
c:/mounriver/mounriver_studio/toolchain/risc-v embedded gcc/bin/../lib/gcc/riscv-none-embed/8.2.0/rv32imac/ilp32\libgcc.a(_clzsi2.o)
                              c:/mounriver/mounriver_studio/toolchain/risc-v embedded gcc/bin/../lib/gcc/riscv-none-embed/8.2.0/rv32imac/ilp32\libgcc.a(muldf3.o) (__clzsi2)
c:/mounriver/mounriver_studio/toolchain/risc-v embedded gcc/bin/../lib/gcc/riscv-none-embed/8.2.0/rv32imac/ilp32\libgcc.a(_clz.o)
                              c:/mounriver/mounriver_studio/toolchain/risc-v embedded gcc/bin/../lib/gcc/riscv-none-embed/8.2.0/rv32imac/ilp32\libgcc.a(_clzsi2.o) (__clz_tab)

Discarded input sections

 .text          0x0000000000000000        0x0 ./src/Main.o
 .data          0x0000000000000000        0x0 ./src/Main.o
 .bss           0x0000000000000000        0x0 ./src/Main.o
 .text          0x0000000000000000        0x0 ./StdPeriphDriver/CH57x_adc.o
 .data          0x0000000000000000        0x0 ./StdPeriphDriver/CH57x_adc.o
 .bss           0x0000000000000000        0x0 ./StdPeriphDriver/CH57x_adc.o
 .text.ADC_DataCalib_Rough
                0x0000000000000000       0x94 ./StdPeriphDriver/CH57x_adc.o
 .text.ADC_ExtSingleChSampInit
                0x0000000000000000       0x24 ./StdPeriphDriver/CH57x_adc.o
 .text.ADC_ExtDiffChSampInit
                0x0000000000000000       0x24 ./StdPeriphDriver/CH57x_adc.o
 .text.ADC_InterTSSampInit
                0x0000000000000000       0x28 ./StdPeriphDriver/CH57x_adc.o
 .text.ADC_InterBATSampInit
                0x0000000000000000       0x1e ./StdPeriphDriver/CH57x_adc.o
 .text.TouchKey_ChSampInit
                0x0000000000000000       0x1a ./StdPeriphDriver/CH57x_adc.o
 .text.ADC_ExcutSingleConver
                0x0000000000000000       0x20 ./StdPeriphDriver/CH57x_adc.o
 .text.TouchKey_ExcutSingleConver
                0x0000000000000000       0x2e ./StdPeriphDriver/CH57x_adc.o
 .text.ADC_AutoConverCycle
                0x0000000000000000        0xa ./StdPeriphDriver/CH57x_adc.o
 .text.ADC_DMACfg
                0x0000000000000000       0x42 ./StdPeriphDriver/CH57x_adc.o
 .text.ADC_GetCurrentTS
                0x0000000000000000       0x56 ./StdPeriphDriver/CH57x_adc.o
 .debug_info    0x0000000000000000      0xf12 ./StdPeriphDriver/CH57x_adc.o
 .debug_abbrev  0x0000000000000000      0x2ee ./StdPeriphDriver/CH57x_adc.o
 .debug_loc     0x0000000000000000      0x1a3 ./StdPeriphDriver/CH57x_adc.o
 .debug_aranges
                0x0000000000000000       0x70 ./StdPeriphDriver/CH57x_adc.o
 .debug_ranges  0x0000000000000000       0x60 ./StdPeriphDriver/CH57x_adc.o
 .debug_line    0x0000000000000000      0xa2c ./StdPeriphDriver/CH57x_adc.o
 .debug_str     0x0000000000000000      0xa60 ./StdPeriphDriver/CH57x_adc.o
 .comment       0x0000000000000000       0x34 ./StdPeriphDriver/CH57x_adc.o
 .debug_frame   0x0000000000000000       0xd0 ./StdPeriphDriver/CH57x_adc.o
 .text          0x0000000000000000        0x0 ./StdPeriphDriver/CH57x_clk.o
 .data          0x0000000000000000        0x0 ./StdPeriphDriver/CH57x_clk.o
 .bss           0x0000000000000000        0x0 ./StdPeriphDriver/CH57x_clk.o
 .text.LClk32K_Select
                0x0000000000000000       0x32 ./StdPeriphDriver/CH57x_clk.o
 .text.HSECFG_Current
                0x0000000000000000       0x2a ./StdPeriphDriver/CH57x_clk.o
 .text.HSECFG_Capacitance
                0x0000000000000000       0x2e ./StdPeriphDriver/CH57x_clk.o
 .text.LSECFG_Current
                0x0000000000000000       0x2a ./StdPeriphDriver/CH57x_clk.o
 .text.LSECFG_Capacitance
                0x0000000000000000       0x2c ./StdPeriphDriver/CH57x_clk.o
 .text.Calibration_LSI_FLASH
                0x0000000000000000      0x27e ./StdPeriphDriver/CH57x_clk.o
 .highcode      0x0000000000000000       0x4a ./StdPeriphDriver/CH57x_clk.o
 .text.Calibration_LSI_RAM
                0x0000000000000000      0x23c ./StdPeriphDriver/CH57x_clk.o
 .text.LSI_SetTune_FLASH
                0x0000000000000000       0x26 ./StdPeriphDriver/CH57x_clk.o
 .text.LSI_SetTune_RAM
                0x0000000000000000       0x26 ./StdPeriphDriver/CH57x_clk.o
 .text.RTC_InitTime
                0x0000000000000000      0x134 ./StdPeriphDriver/CH57x_clk.o
 .text.RTC_GetTime
                0x0000000000000000      0x15c ./StdPeriphDriver/CH57x_clk.o
 .text.RTC_SetCycle32k
                0x0000000000000000       0x52 ./StdPeriphDriver/CH57x_clk.o
 .text.RTC_GetCycle32k
                0x0000000000000000       0x18 ./StdPeriphDriver/CH57x_clk.o
 .text.RTC_TMRFunCfg
                0x0000000000000000       0x38 ./StdPeriphDriver/CH57x_clk.o
 .text.RTC_TRIGFunCfg
                0x0000000000000000       0x40 ./StdPeriphDriver/CH57x_clk.o
 .text.RTC_ModeFunDisable
                0x0000000000000000       0x38 ./StdPeriphDriver/CH57x_clk.o
 .text.RTC_GetITFlag
                0x0000000000000000       0x1a ./StdPeriphDriver/CH57x_clk.o
 .text.RTC_ClearITFlag
                0x0000000000000000       0x20 ./StdPeriphDriver/CH57x_clk.o
 .rodata.Calibration_LSI_FLASH.cst4
                0x0000000000000000        0x4 ./StdPeriphDriver/CH57x_clk.o
 .rodata.Calibration_LSI_FLASH.cst8
                0x0000000000000000       0x10 ./StdPeriphDriver/CH57x_clk.o
 .sbss.Int32K_Tune_FLASH
                0x0000000000000000        0x2 ./StdPeriphDriver/CH57x_clk.o
 .sbss.Int32K_Tune_RAM
                0x0000000000000000        0x2 ./StdPeriphDriver/CH57x_clk.o
 .debug_info    0x0000000000000000     0x1418 ./StdPeriphDriver/CH57x_clk.o
 .debug_abbrev  0x0000000000000000      0x3f4 ./StdPeriphDriver/CH57x_clk.o
 .debug_loc     0x0000000000000000      0xb54 ./StdPeriphDriver/CH57x_clk.o
 .debug_aranges
                0x0000000000000000       0xb0 ./StdPeriphDriver/CH57x_clk.o
 .debug_ranges  0x0000000000000000       0xa0 ./StdPeriphDriver/CH57x_clk.o
 .debug_line    0x0000000000000000     0x1b55 ./StdPeriphDriver/CH57x_clk.o
 .debug_str     0x0000000000000000      0xc2c ./StdPeriphDriver/CH57x_clk.o
 .comment       0x0000000000000000       0x34 ./StdPeriphDriver/CH57x_clk.o
 .debug_frame   0x0000000000000000      0x204 ./StdPeriphDriver/CH57x_clk.o
 .text          0x0000000000000000        0x0 ./StdPeriphDriver/CH57x_flash.o
 .data          0x0000000000000000        0x0 ./StdPeriphDriver/CH57x_flash.o
 .bss           0x0000000000000000        0x0 ./StdPeriphDriver/CH57x_flash.o
 .text.FLASH_ROM_READ
                0x0000000000000000       0x1c ./StdPeriphDriver/CH57x_flash.o
 .debug_info    0x0000000000000000      0xc2a ./StdPeriphDriver/CH57x_flash.o
 .debug_abbrev  0x0000000000000000      0x21a ./StdPeriphDriver/CH57x_flash.o
 .debug_loc     0x0000000000000000       0xff ./StdPeriphDriver/CH57x_flash.o
 .debug_aranges
                0x0000000000000000       0x20 ./StdPeriphDriver/CH57x_flash.o
 .debug_ranges  0x0000000000000000       0x10 ./StdPeriphDriver/CH57x_flash.o
 .debug_line    0x0000000000000000      0x30a ./StdPeriphDriver/CH57x_flash.o
 .debug_str     0x0000000000000000      0x803 ./StdPeriphDriver/CH57x_flash.o
 .comment       0x0000000000000000       0x34 ./StdPeriphDriver/CH57x_flash.o
 .debug_frame   0x0000000000000000       0x20 ./StdPeriphDriver/CH57x_flash.o
 .text          0x0000000000000000        0x0 ./StdPeriphDriver/CH57x_gpio.o
 .data          0x0000000000000000        0x0 ./StdPeriphDriver/CH57x_gpio.o
 .bss           0x0000000000000000        0x0 ./StdPeriphDriver/CH57x_gpio.o
 .text.GPIOA_ITModeCfg
                0x0000000000000000       0x82 ./StdPeriphDriver/CH57x_gpio.o
 .text.GPIOB_ITModeCfg
                0x0000000000000000       0x8a ./StdPeriphDriver/CH57x_gpio.o
 .text.GPIOPinRemap
                0x0000000000000000       0x1a ./StdPeriphDriver/CH57x_gpio.o
 .text.GPIOAGPPCfg
                0x0000000000000000       0x1a ./StdPeriphDriver/CH57x_gpio.o
 .text          0x0000000000000000        0x0 ./StdPeriphDriver/CH57x_pwm.o
 .data          0x0000000000000000        0x0 ./StdPeriphDriver/CH57x_pwm.o
 .bss           0x0000000000000000        0x0 ./StdPeriphDriver/CH57x_pwm.o
 .text.PWMX_AlterOutCfg
                0x0000000000000000       0x1a ./StdPeriphDriver/CH57x_pwm.o
 .text          0x0000000000000000        0x0 ./StdPeriphDriver/CH57x_pwr.o
 .data          0x0000000000000000        0x0 ./StdPeriphDriver/CH57x_pwr.o
 .bss           0x0000000000000000        0x0 ./StdPeriphDriver/CH57x_pwr.o
 .text.PWR_DCDCCfg
                0x0000000000000000       0x88 ./StdPeriphDriver/CH57x_pwr.o
 .text.PWR_UnitModCfg
                0x0000000000000000       0x5a ./StdPeriphDriver/CH57x_pwr.o
 .text.PWR_PeriphClkCfg
                0x0000000000000000       0x2e ./StdPeriphDriver/CH57x_pwr.o
 .text.PWR_PeriphWakeUpCfg
                0x0000000000000000       0x70 ./StdPeriphDriver/CH57x_pwr.o
 .text.PowerMonitor
                0x0000000000000000       0x96 ./StdPeriphDriver/CH57x_pwr.o
 .highcode      0x0000000000000000      0x2a2 ./StdPeriphDriver/CH57x_pwr.o
 .sdata2.CSWTCH.6
                0x0000000000000000        0x4 ./StdPeriphDriver/CH57x_pwr.o
 .debug_info    0x0000000000000000     0x1269 ./StdPeriphDriver/CH57x_pwr.o
 .debug_abbrev  0x0000000000000000      0x345 ./StdPeriphDriver/CH57x_pwr.o
 .debug_loc     0x0000000000000000      0x1fc ./StdPeriphDriver/CH57x_pwr.o
 .debug_aranges
                0x0000000000000000       0x60 ./StdPeriphDriver/CH57x_pwr.o
 .debug_ranges  0x0000000000000000       0x70 ./StdPeriphDriver/CH57x_pwr.o
 .debug_line    0x0000000000000000      0xe83 ./StdPeriphDriver/CH57x_pwr.o
 .debug_str     0x0000000000000000      0xbc1 ./StdPeriphDriver/CH57x_pwr.o
 .comment       0x0000000000000000       0x34 ./StdPeriphDriver/CH57x_pwr.o
 .debug_frame   0x0000000000000000      0x10c ./StdPeriphDriver/CH57x_pwr.o
 .text          0x0000000000000000        0x0 ./StdPeriphDriver/CH57x_sys.o
 .data          0x0000000000000000        0x0 ./StdPeriphDriver/CH57x_sys.o
 .bss           0x0000000000000000        0x0 ./StdPeriphDriver/CH57x_sys.o
 .text.GetSysClock
                0x0000000000000000       0x42 ./StdPeriphDriver/CH57x_sys.o
 .text.SYS_GetInfoSta
                0x0000000000000000       0x24 ./StdPeriphDriver/CH57x_sys.o
 .text.SYS_DisableAllIrq
                0x0000000000000000       0x1c ./StdPeriphDriver/CH57x_sys.o
 .text.SYS_RecoverIrq
                0x0000000000000000       0x14 ./StdPeriphDriver/CH57x_sys.o
 .text.SYS_GetSysTickCnt
                0x0000000000000000        0xa ./StdPeriphDriver/CH57x_sys.o
 .text.WWDG_ITCfg
                0x0000000000000000       0x32 ./StdPeriphDriver/CH57x_sys.o
 .text.WWDG_ResetCfg
                0x0000000000000000       0x32 ./StdPeriphDriver/CH57x_sys.o
 .text.WWDG_ClearFlag
                0x0000000000000000       0x26 ./StdPeriphDriver/CH57x_sys.o
 .text._write   0x0000000000000000       0x28 ./StdPeriphDriver/CH57x_sys.o
 .text          0x0000000000000000        0x0 ./StdPeriphDriver/CH57x_uart0.o
 .data          0x0000000000000000        0x0 ./StdPeriphDriver/CH57x_uart0.o
 .bss           0x0000000000000000        0x0 ./StdPeriphDriver/CH57x_uart0.o
 .text.UART0_BaudRateCfg
                0x0000000000000000       0x36 ./StdPeriphDriver/CH57x_uart0.o
 .text.UART0_DefInit
                0x0000000000000000       0x38 ./StdPeriphDriver/CH57x_uart0.o
 .text.UART0_ByteTrigCfg
                0x0000000000000000       0x1a ./StdPeriphDriver/CH57x_uart0.o
 .text.UART0_INTCfg
                0x0000000000000000       0x2a ./StdPeriphDriver/CH57x_uart0.o
 .text.UART0_Reset
                0x0000000000000000        0xe ./StdPeriphDriver/CH57x_uart0.o
 .text.UART0_SendString
                0x0000000000000000       0x28 ./StdPeriphDriver/CH57x_uart0.o
 .text.UART0_RecvString
                0x0000000000000000       0x2a ./StdPeriphDriver/CH57x_uart0.o
 .debug_info    0x0000000000000000      0xd86 ./StdPeriphDriver/CH57x_uart0.o
 .debug_abbrev  0x0000000000000000      0x2aa ./StdPeriphDriver/CH57x_uart0.o
 .debug_loc     0x0000000000000000      0x1ed ./StdPeriphDriver/CH57x_uart0.o
 .debug_aranges
                0x0000000000000000       0x50 ./StdPeriphDriver/CH57x_uart0.o
 .debug_ranges  0x0000000000000000       0x40 ./StdPeriphDriver/CH57x_uart0.o
 .debug_line    0x0000000000000000      0x634 ./StdPeriphDriver/CH57x_uart0.o
 .debug_str     0x0000000000000000      0x8d7 ./StdPeriphDriver/CH57x_uart0.o
 .comment       0x0000000000000000       0x34 ./StdPeriphDriver/CH57x_uart0.o
 .debug_frame   0x0000000000000000       0x9c ./StdPeriphDriver/CH57x_uart0.o
 .text          0x0000000000000000        0x0 ./StdPeriphDriver/CH57x_uart1.o
 .data          0x0000000000000000        0x0 ./StdPeriphDriver/CH57x_uart1.o
 .bss           0x0000000000000000        0x0 ./StdPeriphDriver/CH57x_uart1.o
 .text.UART1_BaudRateCfg
                0x0000000000000000       0x36 ./StdPeriphDriver/CH57x_uart1.o
 .text.UART1_DefInit
                0x0000000000000000       0x38 ./StdPeriphDriver/CH57x_uart1.o
 .text.UART1_ByteTrigCfg
                0x0000000000000000       0x1a ./StdPeriphDriver/CH57x_uart1.o
 .text.UART1_INTCfg
                0x0000000000000000       0x2a ./StdPeriphDriver/CH57x_uart1.o
 .text.UART1_Reset
                0x0000000000000000        0xe ./StdPeriphDriver/CH57x_uart1.o
 .text.UART1_SendString
                0x0000000000000000       0x28 ./StdPeriphDriver/CH57x_uart1.o
 .text.UART1_RecvString
                0x0000000000000000       0x2a ./StdPeriphDriver/CH57x_uart1.o
 .debug_info    0x0000000000000000      0xd86 ./StdPeriphDriver/CH57x_uart1.o
 .debug_abbrev  0x0000000000000000      0x2aa ./StdPeriphDriver/CH57x_uart1.o
 .debug_loc     0x0000000000000000      0x1ed ./StdPeriphDriver/CH57x_uart1.o
 .debug_aranges
                0x0000000000000000       0x50 ./StdPeriphDriver/CH57x_uart1.o
 .debug_ranges  0x0000000000000000       0x40 ./StdPeriphDriver/CH57x_uart1.o
 .debug_line    0x0000000000000000      0x634 ./StdPeriphDriver/CH57x_uart1.o
 .debug_str     0x0000000000000000      0x8d7 ./StdPeriphDriver/CH57x_uart1.o
 .comment       0x0000000000000000       0x34 ./StdPeriphDriver/CH57x_uart1.o
 .debug_frame   0x0000000000000000       0x9c ./StdPeriphDriver/CH57x_uart1.o
 .text          0x0000000000000000        0x0 ./Startup/startup_CH573.o
 .data          0x0000000000000000        0x0 ./Startup/startup_CH573.o
 .bss           0x0000000000000000        0x0 ./Startup/startup_CH573.o
 .text          0x0000000000000000        0x0 ./RVMSIS/core_riscv.o
 .data          0x0000000000000000        0x0 ./RVMSIS/core_riscv.o
 .bss           0x0000000000000000        0x0 ./RVMSIS/core_riscv.o
 .text.__get_FFLAGS
                0x0000000000000000        0x6 ./RVMSIS/core_riscv.o
 .text.__set_FFLAGS
                0x0000000000000000        0x6 ./RVMSIS/core_riscv.o
 .text.__get_FRM
                0x0000000000000000        0x6 ./RVMSIS/core_riscv.o
 .text.__set_FRM
                0x0000000000000000        0x6 ./RVMSIS/core_riscv.o
 .text.__get_FCSR
                0x0000000000000000        0x6 ./RVMSIS/core_riscv.o
 .text.__set_FCSR
                0x0000000000000000        0x6 ./RVMSIS/core_riscv.o
 .text.__get_MSTATUS
                0x0000000000000000        0x6 ./RVMSIS/core_riscv.o
 .text.__set_MSTATUS
                0x0000000000000000        0x6 ./RVMSIS/core_riscv.o
 .text.__get_MISA
                0x0000000000000000        0x6 ./RVMSIS/core_riscv.o
 .text.__set_MISA
                0x0000000000000000        0x6 ./RVMSIS/core_riscv.o
 .text.__get_MIE
                0x0000000000000000        0x6 ./RVMSIS/core_riscv.o
 .text.__set_MIE
                0x0000000000000000        0x6 ./RVMSIS/core_riscv.o
 .text.__get_MTVEC
                0x0000000000000000        0x6 ./RVMSIS/core_riscv.o
 .text.__set_MTVEC
                0x0000000000000000        0x6 ./RVMSIS/core_riscv.o
 .text.__get_MSCRATCH
                0x0000000000000000        0x6 ./RVMSIS/core_riscv.o
 .text.__set_MSCRATCH
                0x0000000000000000        0x6 ./RVMSIS/core_riscv.o
 .text.__get_MEPC
                0x0000000000000000        0x6 ./RVMSIS/core_riscv.o
 .text.__set_MEPC
                0x0000000000000000        0x6 ./RVMSIS/core_riscv.o
 .text.__get_MCAUSE
                0x0000000000000000        0x6 ./RVMSIS/core_riscv.o
 .text.__set_MCAUSE
                0x0000000000000000        0x6 ./RVMSIS/core_riscv.o
 .text.__get_MTVAL
                0x0000000000000000        0x6 ./RVMSIS/core_riscv.o
 .text.__set_MTVAL
                0x0000000000000000        0x6 ./RVMSIS/core_riscv.o
 .text.__get_MIP
                0x0000000000000000        0x6 ./RVMSIS/core_riscv.o
 .text.__set_MIP
                0x0000000000000000        0x6 ./RVMSIS/core_riscv.o
 .text.__get_MCYCLE
                0x0000000000000000        0x6 ./RVMSIS/core_riscv.o
 .text.__set_MCYCLE
                0x0000000000000000        0x6 ./RVMSIS/core_riscv.o
 .text.__get_MCYCLEH
                0x0000000000000000        0x6 ./RVMSIS/core_riscv.o
 .text.__set_MCYCLEH
                0x0000000000000000        0x6 ./RVMSIS/core_riscv.o
 .text.__get_MINSTRET
                0x0000000000000000        0x6 ./RVMSIS/core_riscv.o
 .text.__set_MINSTRET
                0x0000000000000000        0x6 ./RVMSIS/core_riscv.o
 .text.__get_MINSTRETH
                0x0000000000000000        0x6 ./RVMSIS/core_riscv.o
 .text.__set_MINSTRETH
                0x0000000000000000        0x6 ./RVMSIS/core_riscv.o
 .text.__get_MVENDORID
                0x0000000000000000        0x6 ./RVMSIS/core_riscv.o
 .text.__get_MARCHID
                0x0000000000000000        0x6 ./RVMSIS/core_riscv.o
 .text.__get_MIMPID
                0x0000000000000000        0x6 ./RVMSIS/core_riscv.o
 .text.__get_MHARTID
                0x0000000000000000        0x6 ./RVMSIS/core_riscv.o
 .debug_info    0x0000000000000000      0x624 ./RVMSIS/core_riscv.o
 .debug_abbrev  0x0000000000000000      0x10d ./RVMSIS/core_riscv.o
 .debug_aranges
                0x0000000000000000      0x138 ./RVMSIS/core_riscv.o
 .debug_ranges  0x0000000000000000      0x128 ./RVMSIS/core_riscv.o
 .debug_line    0x0000000000000000      0x755 ./RVMSIS/core_riscv.o
 .debug_str     0x0000000000000000      0x3e5 ./RVMSIS/core_riscv.o
 .comment       0x0000000000000000       0x34 ./RVMSIS/core_riscv.o
 .debug_frame   0x0000000000000000      0x250 ./RVMSIS/core_riscv.o
 .text          0x0000000000000000        0x0 C:\Users\yekai\Documents\GitHub\ComputerOccupyingMonitor\EmbeddedProject\SRC\StdPeriphDriver\libISP573.a(ISP573.o)
 .data          0x0000000000000000        0x0 C:\Users\yekai\Documents\GitHub\ComputerOccupyingMonitor\EmbeddedProject\SRC\StdPeriphDriver\libISP573.a(ISP573.o)
 .bss           0x0000000000000000        0x0 C:\Users\yekai\Documents\GitHub\ComputerOccupyingMonitor\EmbeddedProject\SRC\StdPeriphDriver\libISP573.a(ISP573.o)
 .text          0x0000000000000000        0x0 c:/mounriver/mounriver_studio/toolchain/risc-v embedded gcc/bin/../lib/gcc/riscv-none-embed/8.2.0/rv32imac/ilp32\libgcc.a(muldf3.o)
 .data          0x0000000000000000        0x0 c:/mounriver/mounriver_studio/toolchain/risc-v embedded gcc/bin/../lib/gcc/riscv-none-embed/8.2.0/rv32imac/ilp32\libgcc.a(muldf3.o)
 .bss           0x0000000000000000        0x0 c:/mounriver/mounriver_studio/toolchain/risc-v embedded gcc/bin/../lib/gcc/riscv-none-embed/8.2.0/rv32imac/ilp32\libgcc.a(muldf3.o)
 .text.__muldf3
                0x0000000000000000      0x4c8 c:/mounriver/mounriver_studio/toolchain/risc-v embedded gcc/bin/../lib/gcc/riscv-none-embed/8.2.0/rv32imac/ilp32\libgcc.a(muldf3.o)
 .rodata.__muldf3
                0x0000000000000000       0x40 c:/mounriver/mounriver_studio/toolchain/risc-v embedded gcc/bin/../lib/gcc/riscv-none-embed/8.2.0/rv32imac/ilp32\libgcc.a(muldf3.o)
 .debug_frame   0x0000000000000000       0x54 c:/mounriver/mounriver_studio/toolchain/risc-v embedded gcc/bin/../lib/gcc/riscv-none-embed/8.2.0/rv32imac/ilp32\libgcc.a(muldf3.o)
 .text          0x0000000000000000        0x0 c:/mounriver/mounriver_studio/toolchain/risc-v embedded gcc/bin/../lib/gcc/riscv-none-embed/8.2.0/rv32imac/ilp32\libgcc.a(floatsidf.o)
 .data          0x0000000000000000        0x0 c:/mounriver/mounriver_studio/toolchain/risc-v embedded gcc/bin/../lib/gcc/riscv-none-embed/8.2.0/rv32imac/ilp32\libgcc.a(floatsidf.o)
 .bss           0x0000000000000000        0x0 c:/mounriver/mounriver_studio/toolchain/risc-v embedded gcc/bin/../lib/gcc/riscv-none-embed/8.2.0/rv32imac/ilp32\libgcc.a(floatsidf.o)
 .text.__floatsidf
                0x0000000000000000       0x76 c:/mounriver/mounriver_studio/toolchain/risc-v embedded gcc/bin/../lib/gcc/riscv-none-embed/8.2.0/rv32imac/ilp32\libgcc.a(floatsidf.o)
 .debug_frame   0x0000000000000000       0x38 c:/mounriver/mounriver_studio/toolchain/risc-v embedded gcc/bin/../lib/gcc/riscv-none-embed/8.2.0/rv32imac/ilp32\libgcc.a(floatsidf.o)
 .text          0x0000000000000000        0x0 c:/mounriver/mounriver_studio/toolchain/risc-v embedded gcc/bin/../lib/gcc/riscv-none-embed/8.2.0/rv32imac/ilp32\libgcc.a(mulsf3.o)
 .data          0x0000000000000000        0x0 c:/mounriver/mounriver_studio/toolchain/risc-v embedded gcc/bin/../lib/gcc/riscv-none-embed/8.2.0/rv32imac/ilp32\libgcc.a(mulsf3.o)
 .bss           0x0000000000000000        0x0 c:/mounriver/mounriver_studio/toolchain/risc-v embedded gcc/bin/../lib/gcc/riscv-none-embed/8.2.0/rv32imac/ilp32\libgcc.a(mulsf3.o)
 .text.__mulsf3
                0x0000000000000000      0x29c c:/mounriver/mounriver_studio/toolchain/risc-v embedded gcc/bin/../lib/gcc/riscv-none-embed/8.2.0/rv32imac/ilp32\libgcc.a(mulsf3.o)
 .rodata.__mulsf3
                0x0000000000000000       0x40 c:/mounriver/mounriver_studio/toolchain/risc-v embedded gcc/bin/../lib/gcc/riscv-none-embed/8.2.0/rv32imac/ilp32\libgcc.a(mulsf3.o)
 .debug_frame   0x0000000000000000       0x50 c:/mounriver/mounriver_studio/toolchain/risc-v embedded gcc/bin/../lib/gcc/riscv-none-embed/8.2.0/rv32imac/ilp32\libgcc.a(mulsf3.o)
 .text          0x0000000000000000        0x0 c:/mounriver/mounriver_studio/toolchain/risc-v embedded gcc/bin/../lib/gcc/riscv-none-embed/8.2.0/rv32imac/ilp32\libgcc.a(fixsfsi.o)
 .data          0x0000000000000000        0x0 c:/mounriver/mounriver_studio/toolchain/risc-v embedded gcc/bin/../lib/gcc/riscv-none-embed/8.2.0/rv32imac/ilp32\libgcc.a(fixsfsi.o)
 .bss           0x0000000000000000        0x0 c:/mounriver/mounriver_studio/toolchain/risc-v embedded gcc/bin/../lib/gcc/riscv-none-embed/8.2.0/rv32imac/ilp32\libgcc.a(fixsfsi.o)
 .text.__fixsfsi
                0x0000000000000000       0x62 c:/mounriver/mounriver_studio/toolchain/risc-v embedded gcc/bin/../lib/gcc/riscv-none-embed/8.2.0/rv32imac/ilp32\libgcc.a(fixsfsi.o)
 .debug_frame   0x0000000000000000       0x20 c:/mounriver/mounriver_studio/toolchain/risc-v embedded gcc/bin/../lib/gcc/riscv-none-embed/8.2.0/rv32imac/ilp32\libgcc.a(fixsfsi.o)
 .text          0x0000000000000000        0x0 c:/mounriver/mounriver_studio/toolchain/risc-v embedded gcc/bin/../lib/gcc/riscv-none-embed/8.2.0/rv32imac/ilp32\libgcc.a(floatsisf.o)
 .data          0x0000000000000000        0x0 c:/mounriver/mounriver_studio/toolchain/risc-v embedded gcc/bin/../lib/gcc/riscv-none-embed/8.2.0/rv32imac/ilp32\libgcc.a(floatsisf.o)
 .bss           0x0000000000000000        0x0 c:/mounriver/mounriver_studio/toolchain/risc-v embedded gcc/bin/../lib/gcc/riscv-none-embed/8.2.0/rv32imac/ilp32\libgcc.a(floatsisf.o)
 .text.__floatsisf
                0x0000000000000000       0xcc c:/mounriver/mounriver_studio/toolchain/risc-v embedded gcc/bin/../lib/gcc/riscv-none-embed/8.2.0/rv32imac/ilp32\libgcc.a(floatsisf.o)
 .debug_frame   0x0000000000000000       0x38 c:/mounriver/mounriver_studio/toolchain/risc-v embedded gcc/bin/../lib/gcc/riscv-none-embed/8.2.0/rv32imac/ilp32\libgcc.a(floatsisf.o)
 .text          0x0000000000000000        0x0 c:/mounriver/mounriver_studio/toolchain/risc-v embedded gcc/bin/../lib/gcc/riscv-none-embed/8.2.0/rv32imac/ilp32\libgcc.a(truncdfsf2.o)
 .data          0x0000000000000000        0x0 c:/mounriver/mounriver_studio/toolchain/risc-v embedded gcc/bin/../lib/gcc/riscv-none-embed/8.2.0/rv32imac/ilp32\libgcc.a(truncdfsf2.o)
 .bss           0x0000000000000000        0x0 c:/mounriver/mounriver_studio/toolchain/risc-v embedded gcc/bin/../lib/gcc/riscv-none-embed/8.2.0/rv32imac/ilp32\libgcc.a(truncdfsf2.o)
 .text.__truncdfsf2
                0x0000000000000000      0x16a c:/mounriver/mounriver_studio/toolchain/risc-v embedded gcc/bin/../lib/gcc/riscv-none-embed/8.2.0/rv32imac/ilp32\libgcc.a(truncdfsf2.o)
 .debug_frame   0x0000000000000000       0x20 c:/mounriver/mounriver_studio/toolchain/risc-v embedded gcc/bin/../lib/gcc/riscv-none-embed/8.2.0/rv32imac/ilp32\libgcc.a(truncdfsf2.o)
 .text          0x0000000000000000        0x0 c:/mounriver/mounriver_studio/toolchain/risc-v embedded gcc/bin/../lib/gcc/riscv-none-embed/8.2.0/rv32imac/ilp32\libgcc.a(_clzsi2.o)
 .data          0x0000000000000000        0x0 c:/mounriver/mounriver_studio/toolchain/risc-v embedded gcc/bin/../lib/gcc/riscv-none-embed/8.2.0/rv32imac/ilp32\libgcc.a(_clzsi2.o)
 .bss           0x0000000000000000        0x0 c:/mounriver/mounriver_studio/toolchain/risc-v embedded gcc/bin/../lib/gcc/riscv-none-embed/8.2.0/rv32imac/ilp32\libgcc.a(_clzsi2.o)
 .text.__clzsi2
                0x0000000000000000       0x76 c:/mounriver/mounriver_studio/toolchain/risc-v embedded gcc/bin/../lib/gcc/riscv-none-embed/8.2.0/rv32imac/ilp32\libgcc.a(_clzsi2.o)
 .debug_frame   0x0000000000000000       0x20 c:/mounriver/mounriver_studio/toolchain/risc-v embedded gcc/bin/../lib/gcc/riscv-none-embed/8.2.0/rv32imac/ilp32\libgcc.a(_clzsi2.o)
 .text          0x0000000000000000        0x0 c:/mounriver/mounriver_studio/toolchain/risc-v embedded gcc/bin/../lib/gcc/riscv-none-embed/8.2.0/rv32imac/ilp32\libgcc.a(_clz.o)
 .data          0x0000000000000000        0x0 c:/mounriver/mounriver_studio/toolchain/risc-v embedded gcc/bin/../lib/gcc/riscv-none-embed/8.2.0/rv32imac/ilp32\libgcc.a(_clz.o)
 .bss           0x0000000000000000        0x0 c:/mounriver/mounriver_studio/toolchain/risc-v embedded gcc/bin/../lib/gcc/riscv-none-embed/8.2.0/rv32imac/ilp32\libgcc.a(_clz.o)
 .rodata.__clz_tab
                0x0000000000000000      0x100 c:/mounriver/mounriver_studio/toolchain/risc-v embedded gcc/bin/../lib/gcc/riscv-none-embed/8.2.0/rv32imac/ilp32\libgcc.a(_clz.o)

Memory Configuration

Name             Origin             Length             Attributes
FLASH            0x0000000000000000 0x0000000000070000 xr
RAM              0x0000000020003800 0x0000000000004800 xrw
*default*        0x0000000000000000 0xffffffffffffffff

Linker script and memory map

LOAD ./src/Main.o
LOAD ./StdPeriphDriver/CH57x_adc.o
LOAD ./StdPeriphDriver/CH57x_clk.o
LOAD ./StdPeriphDriver/CH57x_flash.o
LOAD ./StdPeriphDriver/CH57x_gpio.o
LOAD ./StdPeriphDriver/CH57x_pwm.o
LOAD ./StdPeriphDriver/CH57x_pwr.o
LOAD ./StdPeriphDriver/CH57x_sys.o
LOAD ./StdPeriphDriver/CH57x_uart0.o
LOAD ./StdPeriphDriver/CH57x_uart1.o
LOAD ./Startup/startup_CH573.o
LOAD ./RVMSIS/core_riscv.o
LOAD C:\Users\yekai\Documents\GitHub\ComputerOccupyingMonitor\EmbeddedProject\SRC\StdPeriphDriver\libISP573.a
LOAD c:/mounriver/mounriver_studio/toolchain/risc-v embedded gcc/bin/../lib/gcc/riscv-none-embed/8.2.0/rv32imac/ilp32\libgcc.a
LOAD c:/mounriver/mounriver_studio/toolchain/risc-v embedded gcc/bin/../lib/gcc/riscv-none-embed/8.2.0/../../../../riscv-none-embed/lib/rv32imac/ilp32\libg_nano.a
LOAD c:/mounriver/mounriver_studio/toolchain/risc-v embedded gcc/bin/../lib/gcc/riscv-none-embed/8.2.0/../../../../riscv-none-embed/lib/rv32imac/ilp32\libc_nano.a
LOAD c:/mounriver/mounriver_studio/toolchain/risc-v embedded gcc/bin/../lib/gcc/riscv-none-embed/8.2.0/rv32imac/ilp32\libgcc.a
START GROUP
LOAD c:/mounriver/mounriver_studio/toolchain/risc-v embedded gcc/bin/../lib/gcc/riscv-none-embed/8.2.0/rv32imac/ilp32\libgcc.a
LOAD c:/mounriver/mounriver_studio/toolchain/risc-v embedded gcc/bin/../lib/gcc/riscv-none-embed/8.2.0/../../../../riscv-none-embed/lib/rv32imac/ilp32\libc_nano.a
LOAD c:/mounriver/mounriver_studio/toolchain/risc-v embedded gcc/bin/../lib/gcc/riscv-none-embed/8.2.0/../../../../riscv-none-embed/lib/rv32imac/ilp32\libnosys.a
END GROUP
START GROUP
LOAD c:/mounriver/mounriver_studio/toolchain/risc-v embedded gcc/bin/../lib/gcc/riscv-none-embed/8.2.0/rv32imac/ilp32\libgcc.a
LOAD c:/mounriver/mounriver_studio/toolchain/risc-v embedded gcc/bin/../lib/gcc/riscv-none-embed/8.2.0/../../../../riscv-none-embed/lib/rv32imac/ilp32\libc_nano.a
LOAD c:/mounriver/mounriver_studio/toolchain/risc-v embedded gcc/bin/../lib/gcc/riscv-none-embed/8.2.0/../../../../riscv-none-embed/lib/rv32imac/ilp32\libnosys.a
END GROUP

.init           0x0000000000000000        0x4
                0x0000000000000000                _sinit = .
                0x0000000000000000                . = ALIGN (0x4)
 *(SORT_NONE(.init))
 .init          0x0000000000000000        0x4 ./Startup/startup_CH573.o
                0x0000000000000000                _start
                0x0000000000000004                . = ALIGN (0x4)
                0x0000000000000004                _einit = .

.highcodelalign
                0x0000000000000004        0x0
                0x0000000000000004                . = ALIGN (0x4)
                0x0000000000000004                PROVIDE (_highcode_lma = .)

.highcode       0x0000000020003800      0x64c load address 0x0000000000000004
                0x0000000020003800                . = ALIGN (0x4)
                0x0000000020003800                PROVIDE (_highcode_vma_start = .)
 *(.vector)
 .vector        0x0000000020003800       0x90 ./Startup/startup_CH573.o
 *(SORT_NONE(.vector_handler))
 .vector_handler
                0x0000000020003890       0x2c ./Startup/startup_CH573.o
                0x0000000020003890                NMI_Handler
                0x0000000020003894                SysTick_Handler
                0x0000000020003896                SW_Handler
                0x0000000020003898                TMR0_IRQHandler
                0x000000002000389a                GPIOA_IRQHandler
                0x000000002000389c                GPIOB_IRQHandler
                0x000000002000389e                SPI0_IRQHandler
                0x00000000200038a0                BB_IRQHandler
                0x00000000200038a2                LLE_IRQHandler
                0x00000000200038a4                USB_IRQHandler
                0x00000000200038a6                TMR1_IRQHandler
                0x00000000200038a8                TMR2_IRQHandler
                0x00000000200038aa                UART0_IRQHandler
                0x00000000200038ac                UART1_IRQHandler
                0x00000000200038ae                RTC_IRQHandler
                0x00000000200038b0                ADC_IRQHandler
                0x00000000200038b2                PWMX_IRQHandler
                0x00000000200038b4                TMR3_IRQHandler
                0x00000000200038b6                UART2_IRQHandler
                0x00000000200038b8                UART3_IRQHandler
                0x00000000200038ba                WDOG_BAT_IRQHandler
 *(.highcode)
 .highcode      0x00000000200038bc      0x1a0 ./StdPeriphDriver/CH57x_sys.o
                0x00000000200038bc                SetSysClock
                0x00000000200039b8                SYS_ResetExecute
                0x00000000200039f0                HardFault_Handler
                0x0000000020003a26                mDelayuS
                0x0000000020003a34                mDelaymS
 .highcode      0x0000000020003a5c      0x3ee C:\Users\yekai\Documents\GitHub\ComputerOccupyingMonitor\EmbeddedProject\SRC\StdPeriphDriver\libISP573.a(ISP573.o)
                0x0000000020003a5c                FLASH_ROM_BEG
                0x0000000020003a6e                FLASH_ROM_END
                0x0000000020003a7c                FLASH_ROM_IN
                0x0000000020003a8a                FLASH_ROM_OUT
                0x0000000020003a98                FLASH_ROM_ADDR
                0x0000000020003ae0                FLASH_ROM_WAIT
                0x0000000020003b18                FLASH_EEPROM_CMD
 *(.highcode.*)
                0x0000000020003e4c                . = ALIGN (0x4)
 *fill*         0x0000000020003e4a        0x2 
                0x0000000020003e4c                PROVIDE (_highcode_vma_end = .)

.text           0x0000000000000650      0x3c0
                0x0000000000000650                . = ALIGN (0x4)
 *(SORT_NONE(.handle_reset))
 .handle_reset  0x0000000000000650       0xaa ./Startup/startup_CH573.o
                0x0000000000000650                handle_reset
 *(.text)
 *(.text.*)
 .text.startup.main
                0x00000000000006fa       0x98 ./src/Main.o
                0x00000000000006fa                main
 .text.GPIOA_ModeCfg
                0x0000000000000792       0xa6 ./StdPeriphDriver/CH57x_gpio.o
                0x0000000000000792                GPIOA_ModeCfg
 .text.GPIOB_ModeCfg
                0x0000000000000838       0xa6 ./StdPeriphDriver/CH57x_gpio.o
                0x0000000000000838                GPIOB_ModeCfg
 .text.PWMX_CycleCfg
                0x00000000000008de       0x8c ./StdPeriphDriver/CH57x_pwm.o
                0x00000000000008de                PWMX_CycleCfg
 .text.PWMX_ACTOUT
                0x000000000000096a       0x5e ./StdPeriphDriver/CH57x_pwm.o
                0x000000000000096a                PWMX_ACTOUT
 *(.rodata)
 *(.rodata*)
 *fill*         0x00000000000009c8        0x0 
 .rodata.GPIOA_ModeCfg
                0x00000000000009c8       0x14 ./StdPeriphDriver/CH57x_gpio.o
 .rodata.GPIOB_ModeCfg
                0x00000000000009dc       0x14 ./StdPeriphDriver/CH57x_gpio.o
 .rodata.PWMX_CycleCfg
                0x00000000000009f0       0x20 ./StdPeriphDriver/CH57x_pwm.o
 *(.sdata2.*)
 *(.glue_7)
 *(.glue_7t)
 *(.gnu.linkonce.t.*)
                0x0000000000000a10                . = ALIGN (0x4)

.rela.dyn       0x0000000000000a10        0x0
 .rela.init     0x0000000000000a10        0x0 ./src/Main.o
 .rela.vector   0x0000000000000a10        0x0 ./src/Main.o
 .rela.handle_reset
                0x0000000000000a10        0x0 ./src/Main.o

.fini           0x0000000000000a10        0x0
 *(SORT_NONE(.fini))
                0x0000000000000a10                . = ALIGN (0x4)
                [!provide]                        PROVIDE (_etext = .)
                [!provide]                        PROVIDE (_eitcm = .)

.preinit_array  0x0000000000000a10        0x0
                [!provide]                        PROVIDE (__preinit_array_start = .)
 *(.preinit_array)
                [!provide]                        PROVIDE (__preinit_array_end = .)

.init_array     0x0000000000000a10        0x0
                [!provide]                        PROVIDE (__init_array_start = .)
 *(SORT_BY_INIT_PRIORITY(.init_array.*) SORT_BY_INIT_PRIORITY(.ctors.*))
 *(.init_array EXCLUDE_FILE(*crtend?.o *crtend.o *crtbegin?.o *crtbegin.o) .ctors)
                [!provide]                        PROVIDE (__init_array_end = .)

.fini_array     0x0000000000000a10        0x0
                [!provide]                        PROVIDE (__fini_array_start = .)
 *(SORT_BY_INIT_PRIORITY(.fini_array.*) SORT_BY_INIT_PRIORITY(.dtors.*))
 *(.fini_array EXCLUDE_FILE(*crtend?.o *crtend.o *crtbegin?.o *crtbegin.o) .dtors)
                [!provide]                        PROVIDE (__fini_array_end = .)

.ctors
 *crtbegin.o(.ctors)
 *crtbegin?.o(.ctors)
 *(EXCLUDE_FILE(*crtend?.o *crtend.o) .ctors)
 *(SORT_BY_NAME(.ctors.*))
 *(.ctors)

.dtors
 *crtbegin.o(.dtors)
 *crtbegin?.o(.dtors)
 *(EXCLUDE_FILE(*crtend?.o *crtend.o) .dtors)
 *(SORT_BY_NAME(.dtors.*))
 *(.dtors)

.dalign         0x0000000020003e4c      0x1b4 load address 0x0000000000000a10
                0x0000000020004000                . = (ORIGIN (RAM) + MAX (0x800, SIZEOF (.highcode)))
 *fill*         0x0000000020003e4c      0x1b4 

.dlalign        0x0000000000000a10        0x0
                0x0000000000000a10                . = ALIGN (0x4)
                0x0000000000000a10                PROVIDE (_data_lma = .)

.data           0x0000000020004000        0x0 load address 0x0000000000000a10
                0x0000000020004000                . = ALIGN (0x4)
                0x0000000020004000                PROVIDE (_data_vma = .)
 *(.gnu.linkonce.r.*)
 *(.data .data.*)
 *(.gnu.linkonce.d.*)
                0x0000000020004000                . = ALIGN (0x8)
                0x0000000020004800                PROVIDE (__global_pointer$ = (. + 0x800))
 *(.sdata .sdata.*)
 *(.gnu.linkonce.s.*)
                0x0000000020004000                . = ALIGN (0x8)
 *(.srodata.cst16)
 *(.srodata.cst8)
 *(.srodata.cst4)
 *(.srodata.cst2)
 *(.srodata .srodata.*)
                0x0000000020004000                . = ALIGN (0x4)
                0x0000000020004000                PROVIDE (_edata = .)

.bss            0x0000000020004000        0x0 load address 0x0000000000000a10
                0x0000000020004000                . = ALIGN (0x4)
                0x0000000020004000                PROVIDE (_sbss = .)
 *(.sbss*)
 *(.gnu.linkonce.sb.*)
 *(.bss*)
 *(.gnu.linkonce.b.*)
 *(COMMON*)
                0x0000000020004000                . = ALIGN (0x4)
                0x0000000020004000                PROVIDE (_ebss = .)
                [!provide]                        PROVIDE (_end = _ebss)
                [!provide]                        PROVIDE (end = .)

.stack          0x0000000020008000        0x0
                0x0000000020008000                . = ALIGN (0x4)
                0x0000000020008000                PROVIDE (_eusrstack = .)
OUTPUT(PWMX.elf elf32-littleriscv)

.debug_info     0x0000000000000000     0x3b4d
 .debug_info    0x0000000000000000      0xecd ./src/Main.o
 .debug_info    0x0000000000000ecd      0xdae ./StdPeriphDriver/CH57x_gpio.o
 .debug_info    0x0000000000001c7b      0xcee ./StdPeriphDriver/CH57x_pwm.o
 .debug_info    0x0000000000002969     0x11c2 ./StdPeriphDriver/CH57x_sys.o
 .debug_info    0x0000000000003b2b       0x22 ./Startup/startup_CH573.o

.debug_abbrev   0x0000000000000000      0xa47
 .debug_abbrev  0x0000000000000000      0x230 ./src/Main.o
 .debug_abbrev  0x0000000000000230      0x268 ./StdPeriphDriver/CH57x_gpio.o
 .debug_abbrev  0x0000000000000498      0x246 ./StdPeriphDriver/CH57x_pwm.o
 .debug_abbrev  0x00000000000006de      0x357 ./StdPeriphDriver/CH57x_sys.o
 .debug_abbrev  0x0000000000000a35       0x12 ./Startup/startup_CH573.o

.debug_aranges  0x0000000000000000      0x158
 .debug_aranges
                0x0000000000000000       0x20 ./src/Main.o
 .debug_aranges
                0x0000000000000020       0x48 ./StdPeriphDriver/CH57x_gpio.o
 .debug_aranges
                0x0000000000000068       0x30 ./StdPeriphDriver/CH57x_pwm.o
 .debug_aranges
                0x0000000000000098       0x88 ./StdPeriphDriver/CH57x_sys.o
 .debug_aranges
                0x0000000000000120       0x38 ./Startup/startup_CH573.o

.debug_ranges   0x0000000000000000      0x110
 .debug_ranges  0x0000000000000000       0x10 ./src/Main.o
 .debug_ranges  0x0000000000000010       0x38 ./StdPeriphDriver/CH57x_gpio.o
 .debug_ranges  0x0000000000000048       0x20 ./StdPeriphDriver/CH57x_pwm.o
 .debug_ranges  0x0000000000000068       0x78 ./StdPeriphDriver/CH57x_sys.o
 .debug_ranges  0x00000000000000e0       0x30 ./Startup/startup_CH573.o

.debug_line     0x0000000000000000     0x1fb4
 .debug_line    0x0000000000000000      0x37c ./src/Main.o
 .debug_line    0x000000000000037c      0x7f1 ./StdPeriphDriver/CH57x_gpio.o
 .debug_line    0x0000000000000b6d      0x595 ./StdPeriphDriver/CH57x_pwm.o
 .debug_line    0x0000000000001102      0xc29 ./StdPeriphDriver/CH57x_sys.o
 .debug_line    0x0000000000001d2b      0x289 ./Startup/startup_CH573.o

.debug_str      0x0000000000000000      0xe3f
 .debug_str     0x0000000000000000      0x970 ./src/Main.o
                                        0x9e6 (size before relaxing)
 .debug_str     0x0000000000000970      0x150 ./StdPeriphDriver/CH57x_gpio.o
                                        0x932 (size before relaxing)
 .debug_str     0x0000000000000ac0       0x9e ./StdPeriphDriver/CH57x_pwm.o
                                        0x8ba (size before relaxing)
 .debug_str     0x0000000000000b5e      0x270 ./StdPeriphDriver/CH57x_sys.o
                                        0xb68 (size before relaxing)
 .debug_str     0x0000000000000dce       0x71 ./Startup/startup_CH573.o
                                         0xc2 (size before relaxing)

.comment        0x0000000000000000       0x33
 .comment       0x0000000000000000       0x33 ./src/Main.o
                                         0x34 (size before relaxing)
 .comment       0x0000000000000033       0x34 ./StdPeriphDriver/CH57x_gpio.o
 .comment       0x0000000000000033       0x34 ./StdPeriphDriver/CH57x_pwm.o
 .comment       0x0000000000000033       0x34 ./StdPeriphDriver/CH57x_sys.o
 .comment       0x0000000000000033       0x34 C:\Users\yekai\Documents\GitHub\ComputerOccupyingMonitor\EmbeddedProject\SRC\StdPeriphDriver\libISP573.a(ISP573.o)

.debug_frame    0x0000000000000000      0x1ec
 .debug_frame   0x0000000000000000       0x28 ./src/Main.o
 .debug_frame   0x0000000000000028       0x70 ./StdPeriphDriver/CH57x_gpio.o
 .debug_frame   0x0000000000000098       0x40 ./StdPeriphDriver/CH57x_pwm.o
 .debug_frame   0x00000000000000d8      0x114 ./StdPeriphDriver/CH57x_sys.o

.debug_loc      0x0000000000000000      0x708
 .debug_loc     0x0000000000000000      0x361 ./StdPeriphDriver/CH57x_gpio.o
 .debug_loc     0x0000000000000361      0x158 ./StdPeriphDriver/CH57x_pwm.o
 .debug_loc     0x00000000000004b9      0x24f ./StdPeriphDriver/CH57x_sys.o
